Archive member included to satisfy reference by file (symbol)

/home/jens/Documents/academic/n3cat/hackrf/firmware/libopencm3/lib/libopencm3_lpc43xx_m0.a(vector.o)
                              (reset_handler)

Discarded input sections

 .data          0x00000000        0x0 CMakeFiles/hackrf_usb_m0.elf.dir/sgpio_m0.s.obj
 .bss           0x00000000        0x0 CMakeFiles/hackrf_usb_m0.elf.dir/sgpio_m0.s.obj
 .group         0x00000000        0xc /home/jens/Documents/academic/n3cat/hackrf/firmware/libopencm3/lib/libopencm3_lpc43xx_m0.a(vector.o)
 .group         0x00000000        0xc /home/jens/Documents/academic/n3cat/hackrf/firmware/libopencm3/lib/libopencm3_lpc43xx_m0.a(vector.o)
 .group         0x00000000        0xc /home/jens/Documents/academic/n3cat/hackrf/firmware/libopencm3/lib/libopencm3_lpc43xx_m0.a(vector.o)
 .group         0x00000000        0xc /home/jens/Documents/academic/n3cat/hackrf/firmware/libopencm3/lib/libopencm3_lpc43xx_m0.a(vector.o)
 .group         0x00000000        0xc /home/jens/Documents/academic/n3cat/hackrf/firmware/libopencm3/lib/libopencm3_lpc43xx_m0.a(vector.o)
 .group         0x00000000        0xc /home/jens/Documents/academic/n3cat/hackrf/firmware/libopencm3/lib/libopencm3_lpc43xx_m0.a(vector.o)
 .group         0x00000000        0xc /home/jens/Documents/academic/n3cat/hackrf/firmware/libopencm3/lib/libopencm3_lpc43xx_m0.a(vector.o)
 .group         0x00000000        0xc /home/jens/Documents/academic/n3cat/hackrf/firmware/libopencm3/lib/libopencm3_lpc43xx_m0.a(vector.o)
 .group         0x00000000        0xc /home/jens/Documents/academic/n3cat/hackrf/firmware/libopencm3/lib/libopencm3_lpc43xx_m0.a(vector.o)
 .group         0x00000000        0xc /home/jens/Documents/academic/n3cat/hackrf/firmware/libopencm3/lib/libopencm3_lpc43xx_m0.a(vector.o)
 .group         0x00000000        0xc /home/jens/Documents/academic/n3cat/hackrf/firmware/libopencm3/lib/libopencm3_lpc43xx_m0.a(vector.o)
 .group         0x00000000        0xc /home/jens/Documents/academic/n3cat/hackrf/firmware/libopencm3/lib/libopencm3_lpc43xx_m0.a(vector.o)
 .text          0x00000000        0x0 /home/jens/Documents/academic/n3cat/hackrf/firmware/libopencm3/lib/libopencm3_lpc43xx_m0.a(vector.o)
 .data          0x00000000        0x0 /home/jens/Documents/academic/n3cat/hackrf/firmware/libopencm3/lib/libopencm3_lpc43xx_m0.a(vector.o)
 .bss           0x00000000        0x0 /home/jens/Documents/academic/n3cat/hackrf/firmware/libopencm3/lib/libopencm3_lpc43xx_m0.a(vector.o)

Memory Configuration

Name             Origin             Length             Attributes
ram              0x00000000         0x00005000         xrw
*default*        0x00000000         0xffffffff

Linker script and memory map

LOAD CMakeFiles/hackrf_usb_m0.elf.dir/sgpio_m0.s.obj
LOAD /home/jens/Applications/arm-toolchain/bin/../lib/gcc/arm-none-eabi/14.3.1/../../../../arm-none-eabi/lib/thumb/v6-m/nofp/libc.a
LOAD /home/jens/Applications/arm-toolchain/bin/../lib/gcc/arm-none-eabi/14.3.1/../../../../arm-none-eabi/lib/thumb/v6-m/nofp/libnosys.a
LOAD /home/jens/Documents/academic/n3cat/hackrf/firmware/libopencm3/lib/libopencm3_lpc43xx_m0.a
START GROUP
LOAD /home/jens/Applications/arm-toolchain/bin/../lib/gcc/arm-none-eabi/14.3.1/thumb/v6-m/nofp/libgcc.a
LOAD /home/jens/Applications/arm-toolchain/bin/../lib/gcc/arm-none-eabi/14.3.1/../../../../arm-none-eabi/lib/thumb/v6-m/nofp/libc.a
END GROUP
START GROUP
LOAD /home/jens/Applications/arm-toolchain/bin/../lib/gcc/arm-none-eabi/14.3.1/thumb/v6-m/nofp/libgcc.a
LOAD /home/jens/Applications/arm-toolchain/bin/../lib/gcc/arm-none-eabi/14.3.1/../../../../arm-none-eabi/lib/thumb/v6-m/nofp/libc.a
LOAD /home/jens/Applications/arm-toolchain/bin/../lib/gcc/arm-none-eabi/14.3.1/../../../../arm-none-eabi/lib/thumb/v6-m/nofp/libnosys.a
END GROUP
                0x00000000                        . = ORIGIN (ram)

.text           0x00000000      0x36c
                0x00000000                        . = ALIGN (0x400)
 *(.vectors)
 .vectors       0x00000000       0xb8 /home/jens/Documents/academic/n3cat/hackrf/firmware/libopencm3/lib/libopencm3_lpc43xx_m0.a(vector.o)
                0x00000000                vector_table
 *(.text*)
 .text          0x000000b8      0x1e8 CMakeFiles/hackrf_usb_m0.elf.dir/sgpio_m0.s.obj
                0x000000b8                main
 .text.blocking_handler
                0x000002a0        0x4 /home/jens/Documents/academic/n3cat/hackrf/firmware/libopencm3/lib/libopencm3_lpc43xx_m0.a(vector.o)
                0x000002a0                adc0_isr
                0x000002a0                usart2_or_c_can1_isr
                0x000002a0                usart3_isr
                0x000002a0                rtc_isr
                0x000002a0                gint1_isr
                0x000002a0                flasheepromat_isr
                0x000002a0                usart0_isr
                0x000002a0                blocking_handler
                0x000002a0                i2c0_or_irc1_isr
                0x000002a0                sdio_isr
                0x000002a0                ritimer_or_wwdt_isr
                0x000002a0                dma_isr
                0x000002a0                ethernet_isr
                0x000002a0                c_can0_isr
                0x000002a0                hard_fault_handler
                0x000002a0                eventrouter_isr
                0x000002a0                usb0_isr
                0x000002a0                uart1_isr
                0x000002a0                ssp0_or_ssp1_isr
                0x000002a0                m4core_isr
                0x000002a0                sct_isr
                0x000002a0                timer3_isr
                0x000002a0                lcd_isr
                0x000002a0                spi_or_dac_isr
                0x000002a0                sgpio_isr
                0x000002a0                i2s0_or_i2s1_isr
                0x000002a0                adc1_isr
                0x000002a0                mcpwm_isr
                0x000002a0                timer0_isr
                0x000002a0                usb1_isr
                0x000002a0                pin_int4_isr
 .text.null_handler
                0x000002a4        0x4 /home/jens/Documents/academic/n3cat/hackrf/firmware/libopencm3/lib/libopencm3_lpc43xx_m0.a(vector.o)
                0x000002a4                null_handler
                0x000002a4                sv_call_handler
                0x000002a4                pend_sv_handler
                0x000002a4                sys_tick_handler
                0x000002a4                nmi_handler
 .text.reset_handler
                0x000002a8       0xc4 /home/jens/Documents/academic/n3cat/hackrf/firmware/libopencm3/lib/libopencm3_lpc43xx_m0.a(vector.o)
                0x000002a8                reset_handler
                0x0000036c                        . = ALIGN (0x4)
 *(.rodata*)
                0x0000036c                        . = ALIGN (0x4)

.glue_7         0x0000036c        0x0
 .glue_7        0x0000036c        0x0 linker stubs

.glue_7t        0x0000036c        0x0
 .glue_7t       0x0000036c        0x0 linker stubs

.vfp11_veneer   0x0000036c        0x0
 .vfp11_veneer  0x0000036c        0x0 linker stubs

.v4_bx          0x0000036c        0x0
 .v4_bx         0x0000036c        0x0 linker stubs

.iplt           0x0000036c        0x0
 .iplt          0x0000036c        0x0 /home/jens/Documents/academic/n3cat/hackrf/firmware/libopencm3/lib/libopencm3_lpc43xx_m0.a(vector.o)

.rel.dyn        0x0000036c        0x0
 .rel.iplt      0x0000036c        0x0 /home/jens/Documents/academic/n3cat/hackrf/firmware/libopencm3/lib/libopencm3_lpc43xx_m0.a(vector.o)

.preinit_array  0x0000036c        0x0
                0x0000036c                        . = ALIGN (0x4)
                0x0000036c                        __preinit_array_start = .
 *(.preinit_array)
                0x0000036c                        __preinit_array_end = .

.init_array     0x0000036c        0x0
                0x0000036c                        . = ALIGN (0x4)
                0x0000036c                        __init_array_start = .
 *(SORT_BY_NAME(.init_array.*))
 *(.init_array)
                0x0000036c                        __init_array_end = .

.fini_array     0x0000036c        0x0
                0x0000036c                        . = ALIGN (0x4)
                0x0000036c                        __fini_array_start = .
 *(.fini_array)
 *(SORT_BY_NAME(.fini_array.*))
                0x0000036c                        __fini_array_end = .

.ARM.extab
 *(.ARM.extab*)

.ARM.exidx      0x0000036c        0x0
                0x0000036c                        __exidx_start = .
 *(.ARM.exidx*)
                0x0000036c                        __exidx_end = .
                0x0000036c                        . = ALIGN (0x4)
                0x0000036c                        _etext = .

.data           0x0000036c        0x0
                0x0000036c                        _data = .
 *(.data*)
                0x0000036c                        . = ALIGN (0x4)
                0x0000036c                        _edata = .
                0x0000036c                        _data_loadaddr = _data
                0x0000036c                        _edata = _data

.igot.plt       0x0000036c        0x0
 .igot.plt      0x0000036c        0x0 /home/jens/Documents/academic/n3cat/hackrf/firmware/libopencm3/lib/libopencm3_lpc43xx_m0.a(vector.o)

.bss            0x0000036c        0x0
                0x0000036c                        _bss = .
 *(.bss*)
 *(COMMON)
                0x0000036c                        . = ALIGN (0x4)
                0x0000036c                        _ebss = .

.ARM.extab
 *(.ARM.extab*)

/DISCARD/
 *(.eh_frame)
                0x0000036c                        . = ALIGN (0x4)
                0x0000036c                        end = .
                0x00005000                        __StackTop = (ORIGIN (ram) + LENGTH (ram))
                0x00005000                        PROVIDE (_stack = __StackTop)
OUTPUT(hackrf_usb_m0.elf elf32-littlearm)
LOAD linker stubs

.ARM.attributes
                0x00000000       0x28
 .ARM.attributes
                0x00000000       0x1c CMakeFiles/hackrf_usb_m0.elf.dir/sgpio_m0.s.obj
 .ARM.attributes
                0x0000001c       0x2c /home/jens/Documents/academic/n3cat/hackrf/firmware/libopencm3/lib/libopencm3_lpc43xx_m0.a(vector.o)

.comment        0x00000000       0x46
 .comment       0x00000000       0x46 /home/jens/Documents/academic/n3cat/hackrf/firmware/libopencm3/lib/libopencm3_lpc43xx_m0.a(vector.o)
                                 0x47 (size before relaxing)

.debug_line     0x00000000      0x47d
 .debug_line    0x00000000       0xd4 CMakeFiles/hackrf_usb_m0.elf.dir/sgpio_m0.s.obj
 .debug_line    0x000000d4      0x3a9 /home/jens/Documents/academic/n3cat/hackrf/firmware/libopencm3/lib/libopencm3_lpc43xx_m0.a(vector.o)

.debug_line_str
                0x00000000       0x8f
 .debug_line_str
                0x00000000       0x8f CMakeFiles/hackrf_usb_m0.elf.dir/sgpio_m0.s.obj

.debug_info     0x00000000      0x2d8
 .debug_info    0x00000000       0x25 CMakeFiles/hackrf_usb_m0.elf.dir/sgpio_m0.s.obj
 .debug_info    0x00000025      0x2b3 /home/jens/Documents/academic/n3cat/hackrf/firmware/libopencm3/lib/libopencm3_lpc43xx_m0.a(vector.o)

.debug_abbrev   0x00000000      0x15b
 .debug_abbrev  0x00000000       0x14 CMakeFiles/hackrf_usb_m0.elf.dir/sgpio_m0.s.obj
 .debug_abbrev  0x00000014      0x147 /home/jens/Documents/academic/n3cat/hackrf/firmware/libopencm3/lib/libopencm3_lpc43xx_m0.a(vector.o)

.debug_aranges  0x00000000       0x50
 .debug_aranges
                0x00000000       0x20 CMakeFiles/hackrf_usb_m0.elf.dir/sgpio_m0.s.obj
 .debug_aranges
                0x00000020       0x30 /home/jens/Documents/academic/n3cat/hackrf/firmware/libopencm3/lib/libopencm3_lpc43xx_m0.a(vector.o)

.debug_str      0x00000000     0x49ee
 .debug_str     0x00000000     0x49ee CMakeFiles/hackrf_usb_m0.elf.dir/sgpio_m0.s.obj
                                 0x9d (size before relaxing)
 .debug_str     0x000049ee     0x4ab1 /home/jens/Documents/academic/n3cat/hackrf/firmware/libopencm3/lib/libopencm3_lpc43xx_m0.a(vector.o)

.debug_loclists
                0x00000000       0x98
 .debug_loclists
                0x00000000       0x98 /home/jens/Documents/academic/n3cat/hackrf/firmware/libopencm3/lib/libopencm3_lpc43xx_m0.a(vector.o)

.debug_rnglists
                0x00000000       0x20
 .debug_rnglists
                0x00000000       0x20 /home/jens/Documents/academic/n3cat/hackrf/firmware/libopencm3/lib/libopencm3_lpc43xx_m0.a(vector.o)

.debug_macro    0x00000000     0x1205
 .debug_macro   0x00000000       0xc7 /home/jens/Documents/academic/n3cat/hackrf/firmware/libopencm3/lib/libopencm3_lpc43xx_m0.a(vector.o)
 .debug_macro   0x000000c7      0xaa8 /home/jens/Documents/academic/n3cat/hackrf/firmware/libopencm3/lib/libopencm3_lpc43xx_m0.a(vector.o)
 .debug_macro   0x00000b6f       0x22 /home/jens/Documents/academic/n3cat/hackrf/firmware/libopencm3/lib/libopencm3_lpc43xx_m0.a(vector.o)
 .debug_macro   0x00000b91       0x8e /home/jens/Documents/academic/n3cat/hackrf/firmware/libopencm3/lib/libopencm3_lpc43xx_m0.a(vector.o)
 .debug_macro   0x00000c1f       0x51 /home/jens/Documents/academic/n3cat/hackrf/firmware/libopencm3/lib/libopencm3_lpc43xx_m0.a(vector.o)
 .debug_macro   0x00000c70      0x103 /home/jens/Documents/academic/n3cat/hackrf/firmware/libopencm3/lib/libopencm3_lpc43xx_m0.a(vector.o)
 .debug_macro   0x00000d73       0x6a /home/jens/Documents/academic/n3cat/hackrf/firmware/libopencm3/lib/libopencm3_lpc43xx_m0.a(vector.o)
 .debug_macro   0x00000ddd      0x1df /home/jens/Documents/academic/n3cat/hackrf/firmware/libopencm3/lib/libopencm3_lpc43xx_m0.a(vector.o)
 .debug_macro   0x00000fbc       0x22 /home/jens/Documents/academic/n3cat/hackrf/firmware/libopencm3/lib/libopencm3_lpc43xx_m0.a(vector.o)
 .debug_macro   0x00000fde       0xfa /home/jens/Documents/academic/n3cat/hackrf/firmware/libopencm3/lib/libopencm3_lpc43xx_m0.a(vector.o)
 .debug_macro   0x000010d8       0x2e /home/jens/Documents/academic/n3cat/hackrf/firmware/libopencm3/lib/libopencm3_lpc43xx_m0.a(vector.o)
 .debug_macro   0x00001106       0x47 /home/jens/Documents/academic/n3cat/hackrf/firmware/libopencm3/lib/libopencm3_lpc43xx_m0.a(vector.o)
 .debug_macro   0x0000114d       0xb8 /home/jens/Documents/academic/n3cat/hackrf/firmware/libopencm3/lib/libopencm3_lpc43xx_m0.a(vector.o)

.debug_frame    0x00000000       0x40
 .debug_frame   0x00000000       0x40 /home/jens/Documents/academic/n3cat/hackrf/firmware/libopencm3/lib/libopencm3_lpc43xx_m0.a(vector.o)
