Archive member included to satisfy reference by file (symbol)

/home/jens/Applications/arm-toolchain/bin/../lib/gcc/arm-none-eabi/14.3.1/../../../../arm-none-eabi/lib/thumb/v7e-m+fp/hard/libc.a(libc_a-memset.o)
                              CMakeFiles/hackrf_usb_ram_objects.dir/usb_api_transceiver.c.obj (memset)
/home/jens/Applications/arm-toolchain/bin/../lib/gcc/arm-none-eabi/14.3.1/../../../../arm-none-eabi/lib/thumb/v7e-m+fp/hard/libc.a(libc_a-memcpy.o)
                              CMakeFiles/hackrf_usb_ram_objects.dir/hackrf_usb.c.obj (memcpy)
/home/jens/Applications/arm-toolchain/bin/../lib/gcc/arm-none-eabi/14.3.1/../../../../arm-none-eabi/lib/thumb/v7e-m+fp/hard/libc.a(libc_a-strlen.o)
                              CMakeFiles/hackrf_usb_ram_objects.dir/usb_api_board_info.c.obj (strlen)
/home/jens/Documents/academic/n3cat/hackrf/firmware/libopencm3/lib/libopencm3_lpc43xx.a(scu.o)
                              CMakeFiles/hackrf_usb_ram_objects.dir/home/jens/Documents/academic/n3cat/hackrf/firmware/common/operacake.c.obj (scu_pinmux)
/home/jens/Documents/academic/n3cat/hackrf/firmware/libopencm3/lib/libopencm3_lpc43xx.a(i2c.o)
                              CMakeFiles/hackrf_usb_ram_objects.dir/home/jens/Documents/academic/n3cat/hackrf/firmware/common/i2c_lpc.c.obj (i2c_init)
/home/jens/Documents/academic/n3cat/hackrf/firmware/libopencm3/lib/libopencm3_lpc43xx.a(timer.o)
                              CMakeFiles/hackrf_usb_ram_objects.dir/home/jens/Documents/academic/n3cat/hackrf/firmware/common/clkin.c.obj (timer_reset)
/home/jens/Documents/academic/n3cat/hackrf/firmware/libopencm3/lib/libopencm3_lpc43xx.a(wwdt.o)
                              CMakeFiles/hackrf_usb_ram_objects.dir/usb_api_board_info.c.obj (wwdt_reset)
/home/jens/Documents/academic/n3cat/hackrf/firmware/libopencm3/lib/libopencm3_lpc43xx.a(ipc.o)
                              CMakeFiles/hackrf_usb_ram_objects.dir/hackrf_usb.c.obj (ipc_halt_m0)
/home/jens/Documents/academic/n3cat/hackrf/firmware/libopencm3/lib/libopencm3_lpc43xx.a(vector.o)
                              (reset_handler)
/home/jens/Documents/academic/n3cat/hackrf/firmware/libopencm3/lib/libopencm3_lpc43xx.a(nvic.o)
                              CMakeFiles/hackrf_usb_ram_objects.dir/hackrf_usb.c.obj (nvic_enable_irq)
/home/jens/Documents/academic/n3cat/hackrf/firmware/libopencm3/lib/libopencm3_lpc43xx.a(sync.o)
                              CMakeFiles/hackrf_usb_ram_objects.dir/home/jens/Documents/academic/n3cat/hackrf/firmware/common/usb_queue.c.obj (__ldrex)
/home/jens/Applications/arm-toolchain/bin/../lib/gcc/arm-none-eabi/14.3.1/thumb/v7e-m+fp/hard/libgcc.a(_aeabi_uldivmod.o)
                              CMakeFiles/hackrf_usb_ram_objects.dir/home/jens/Documents/academic/n3cat/hackrf/firmware/common/tuning.c.obj (__aeabi_uldivmod)
/home/jens/Applications/arm-toolchain/bin/../lib/gcc/arm-none-eabi/14.3.1/thumb/v7e-m+fp/hard/libgcc.a(_udivmoddi4.o)
                              /home/jens/Applications/arm-toolchain/bin/../lib/gcc/arm-none-eabi/14.3.1/thumb/v7e-m+fp/hard/libgcc.a(_aeabi_uldivmod.o) (__udivmoddi4)
/home/jens/Applications/arm-toolchain/bin/../lib/gcc/arm-none-eabi/14.3.1/thumb/v7e-m+fp/hard/libgcc.a(_dvmd_tls.o)
                              /home/jens/Applications/arm-toolchain/bin/../lib/gcc/arm-none-eabi/14.3.1/thumb/v7e-m+fp/hard/libgcc.a(_aeabi_uldivmod.o) (__aeabi_ldiv0)

Discarded input sections

 .group         0x00000000        0xc CMakeFiles/hackrf_usb_ram_objects.dir/hackrf_usb.c.obj
 .group         0x00000000        0xc CMakeFiles/hackrf_usb_ram_objects.dir/hackrf_usb.c.obj
 .group         0x00000000        0xc CMakeFiles/hackrf_usb_ram_objects.dir/hackrf_usb.c.obj
 .group         0x00000000        0xc CMakeFiles/hackrf_usb_ram_objects.dir/hackrf_usb.c.obj
 .group         0x00000000        0xc CMakeFiles/hackrf_usb_ram_objects.dir/hackrf_usb.c.obj
 .group         0x00000000        0xc CMakeFiles/hackrf_usb_ram_objects.dir/hackrf_usb.c.obj
 .group         0x00000000        0xc CMakeFiles/hackrf_usb_ram_objects.dir/hackrf_usb.c.obj
 .group         0x00000000        0xc CMakeFiles/hackrf_usb_ram_objects.dir/hackrf_usb.c.obj
 .group         0x00000000        0xc CMakeFiles/hackrf_usb_ram_objects.dir/hackrf_usb.c.obj
 .group         0x00000000        0xc CMakeFiles/hackrf_usb_ram_objects.dir/hackrf_usb.c.obj
 .group         0x00000000        0xc CMakeFiles/hackrf_usb_ram_objects.dir/hackrf_usb.c.obj
 .group         0x00000000        0xc CMakeFiles/hackrf_usb_ram_objects.dir/hackrf_usb.c.obj
 .group         0x00000000        0xc CMakeFiles/hackrf_usb_ram_objects.dir/hackrf_usb.c.obj
 .group         0x00000000        0xc CMakeFiles/hackrf_usb_ram_objects.dir/hackrf_usb.c.obj
 .group         0x00000000        0xc CMakeFiles/hackrf_usb_ram_objects.dir/hackrf_usb.c.obj
 .group         0x00000000        0xc CMakeFiles/hackrf_usb_ram_objects.dir/hackrf_usb.c.obj
 .group         0x00000000        0xc CMakeFiles/hackrf_usb_ram_objects.dir/hackrf_usb.c.obj
[...]
Memory Configuration

Name             Origin             Length             Attributes
rom              0x00000000         0x00100000         xr
ram_local1       0x10000000         0x00018000         xrw
ram_local2       0x10080000         0x00008000         xrw
ram_sleep        0x10088000         0x00002000         xrw
rom_flash        0x80000000         0x00100000         xr
ram_lz4_in       0x20000000         0x00001000         xrw
ram_lz4_out      0x20001000         0x00001000         xrw
ram_m0           0x20002000         0x00005000         xrw
ram_shared       0x20007000         0x00001000         xrw
ram_usb          0x20008000         0x00008000         xrw
*default*        0x00000000         0xffffffff

Linker script and memory map

LOAD CMakeFiles/hackrf_usb_ram_objects.dir/hackrf_usb.c.obj
LOAD CMakeFiles/hackrf_usb_ram_objects.dir/home/jens/Documents/academic/n3cat/hackrf/firmware/common/tuning.c.obj
LOAD CMakeFiles/hackrf_usb_ram_objects.dir/home/jens/Documents/academic/n3cat/hackrf/firmware/common/streaming.c.obj
LOAD CMakeFiles/hackrf_usb_ram_objects.dir/home/jens/Documents/academic/n3cat/hackrf/firmware/common/usb.c.obj
LOAD CMakeFiles/hackrf_usb_ram_objects.dir/home/jens/Documents/academic/n3cat/hackrf/firmware/common/usb_request.c.obj
LOAD CMakeFiles/hackrf_usb_ram_objects.dir/home/jens/Documents/academic/n3cat/hackrf/firmware/common/usb_standard_request.c.obj
LOAD CMakeFiles/hackrf_usb_ram_objects.dir/usb_descriptor.c.obj
LOAD CMakeFiles/hackrf_usb_ram_objects.dir/usb_device.c.obj
LOAD CMakeFiles/hackrf_usb_ram_objects.dir/usb_endpoint.c.obj
LOAD CMakeFiles/hackrf_usb_ram_objects.dir/usb_api_board_info.c.obj
LOAD CMakeFiles/hackrf_usb_ram_objects.dir/usb_api_m0_state.c.obj
LOAD CMakeFiles/hackrf_usb_ram_objects.dir/usb_api_register.c.obj
LOAD CMakeFiles/hackrf_usb_ram_objects.dir/usb_api_spiflash.c.obj
LOAD CMakeFiles/hackrf_usb_ram_objects.dir/usb_api_transceiver.c.obj
LOAD CMakeFiles/hackrf_usb_ram_objects.dir/usb_api_operacake.c.obj
LOAD CMakeFiles/hackrf_usb_ram_objects.dir/usb_api_sweep.c.obj
LOAD CMakeFiles/hackrf_usb_ram_objects.dir/usb_api_selftest.c.obj
LOAD CMakeFiles/hackrf_usb_ram_objects.dir/usb_api_ui.c.obj
LOAD CMakeFiles/hackrf_usb_ram_objects.dir/usb_api_adc.c.obj
LOAD CMakeFiles/hackrf_usb_ram_objects.dir/home/jens/Documents/academic/n3cat/hackrf/firmware/common/usb_queue.c.obj
LOAD CMakeFiles/hackrf_usb_ram_objects.dir/home/jens/Documents/academic/n3cat/hackrf/firmware/common/fault_handler.c.obj
LOAD CMakeFiles/hackrf_usb_ram_objects.dir/home/jens/Documents/academic/n3cat/hackrf/firmware/common/cpld_jtag.c.obj
LOAD CMakeFiles/hackrf_usb_ram_objects.dir/home/jens/Documents/academic/n3cat/hackrf/firmware/common/crc.c.obj
LOAD CMakeFiles/hackrf_usb_ram_objects.dir/home/jens/Documents/academic/n3cat/hackrf/firmware/common/rom_iap.c.obj
LOAD CMakeFiles/hackrf_usb_ram_objects.dir/home/jens/Documents/academic/n3cat/hackrf/firmware/common/operacake.c.obj
LOAD CMakeFiles/hackrf_usb_ram_objects.dir/home/jens/Documents/academic/n3cat/hackrf/firmware/common/operacake_sctimer.c.obj
LOAD CMakeFiles/hackrf_usb_ram_objects.dir/usb_api_cpld.c.obj
LOAD CMakeFiles/hackrf_usb_ram_objects.dir/home/jens/Documents/academic/n3cat/hackrf/firmware/common/cpld_xc2c.c.obj
LOAD CMakeFiles/hackrf_usb_ram_objects.dir/hackrf_cpld_data.c.obj
LOAD CMakeFiles/hackrf_usb_ram_objects.dir/home/jens/Documents/academic/n3cat/hackrf/firmware/common/xapp058/lenval.c.obj
LOAD CMakeFiles/hackrf_usb_ram_objects.dir/home/jens/Documents/academic/n3cat/hackrf/firmware/common/xapp058/micro.c.obj
LOAD CMakeFiles/hackrf_usb_ram_objects.dir/home/jens/Documents/academic/n3cat/hackrf/firmware/common/xapp058/ports.c.obj
LOAD CMakeFiles/hackrf_usb_ram_objects.dir/home/jens/Documents/academic/n3cat/hackrf/firmware/common/portapack.c.obj
LOAD CMakeFiles/hackrf_usb_ram_objects.dir/home/jens/Documents/academic/n3cat/hackrf/firmware/common/ui_portapack.c.obj
LOAD CMakeFiles/hackrf_usb_ram_objects.dir/home/jens/Documents/academic/n3cat/hackrf/firmware/common/delay.c.obj
LOAD CMakeFiles/hackrf_usb_ram_objects.dir/home/jens/Documents/academic/n3cat/hackrf/firmware/common/hackrf_core.c.obj
LOAD CMakeFiles/hackrf_usb_ram_objects.dir/home/jens/Documents/academic/n3cat/hackrf/firmware/common/sgpio.c.obj
LOAD CMakeFiles/hackrf_usb_ram_objects.dir/home/jens/Documents/academic/n3cat/hackrf/firmware/common/rf_path.c.obj
LOAD CMakeFiles/hackrf_usb_ram_objects.dir/home/jens/Documents/academic/n3cat/hackrf/firmware/common/si5351c.c.obj
LOAD CMakeFiles/hackrf_usb_ram_objects.dir/home/jens/Documents/academic/n3cat/hackrf/firmware/common/max5864.c.obj
LOAD CMakeFiles/hackrf_usb_ram_objects.dir/home/jens/Documents/academic/n3cat/hackrf/firmware/common/max5864_target.c.obj
LOAD CMakeFiles/hackrf_usb_ram_objects.dir/home/jens/Documents/academic/n3cat/hackrf/firmware/common/mixer.c.obj
LOAD CMakeFiles/hackrf_usb_ram_objects.dir/home/jens/Documents/academic/n3cat/hackrf/firmware/common/i2c_bus.c.obj
LOAD CMakeFiles/hackrf_usb_ram_objects.dir/home/jens/Documents/academic/n3cat/hackrf/firmware/common/i2c_lpc.c.obj
LOAD CMakeFiles/hackrf_usb_ram_objects.dir/home/jens/Documents/academic/n3cat/hackrf/firmware/common/w25q80bv.c.obj
LOAD CMakeFiles/hackrf_usb_ram_objects.dir/home/jens/Documents/academic/n3cat/hackrf/firmware/common/w25q80bv_target.c.obj
LOAD CMakeFiles/hackrf_usb_ram_objects.dir/home/jens/Documents/academic/n3cat/hackrf/firmware/common/spi_bus.c.obj
LOAD CMakeFiles/hackrf_usb_ram_objects.dir/home/jens/Documents/academic/n3cat/hackrf/firmware/common/spi_ssp.c.obj
LOAD CMakeFiles/hackrf_usb_ram_objects.dir/home/jens/Documents/academic/n3cat/hackrf/firmware/common/gpio_lpc.c.obj
LOAD CMakeFiles/hackrf_usb_ram_objects.dir/home/jens/Documents/academic/n3cat/hackrf/firmware/common/hackrf_ui.c.obj
LOAD CMakeFiles/hackrf_usb_ram_objects.dir/home/jens/Documents/academic/n3cat/hackrf/firmware/common/platform_detect.c.obj
LOAD CMakeFiles/hackrf_usb_ram_objects.dir/home/jens/Documents/academic/n3cat/hackrf/firmware/common/firmware_info.c.obj
LOAD CMakeFiles/hackrf_usb_ram_objects.dir/home/jens/Documents/academic/n3cat/hackrf/firmware/common/clkin.c.obj
LOAD CMakeFiles/hackrf_usb_ram_objects.dir/home/jens/Documents/academic/n3cat/hackrf/firmware/common/gpdma.c.obj
LOAD CMakeFiles/hackrf_usb_ram_objects.dir/home/jens/Documents/academic/n3cat/hackrf/firmware/common/user_config.c.obj
LOAD CMakeFiles/hackrf_usb_ram_objects.dir/home/jens/Documents/academic/n3cat/hackrf/firmware/common/radio.c.obj
LOAD CMakeFiles/hackrf_usb_ram_objects.dir/home/jens/Documents/academic/n3cat/hackrf/firmware/common/selftest.c.obj
LOAD CMakeFiles/hackrf_usb_ram_objects.dir/home/jens/Documents/academic/n3cat/hackrf/firmware/common/m0_state.c.obj
LOAD CMakeFiles/hackrf_usb_ram_objects.dir/home/jens/Documents/academic/n3cat/hackrf/firmware/common/adc.c.obj
LOAD CMakeFiles/hackrf_usb_ram_objects.dir/home/jens/Documents/academic/n3cat/hackrf/firmware/common/rffc5071.c.obj
LOAD CMakeFiles/hackrf_usb_ram_objects.dir/home/jens/Documents/academic/n3cat/hackrf/firmware/common/rffc5071_spi.c.obj
LOAD CMakeFiles/hackrf_usb_ram_objects.dir/home/jens/Documents/academic/n3cat/hackrf/firmware/common/max283x.c.obj
LOAD CMakeFiles/hackrf_usb_ram_objects.dir/home/jens/Documents/academic/n3cat/hackrf/firmware/common/max2837.c.obj
LOAD CMakeFiles/hackrf_usb_ram_objects.dir/home/jens/Documents/academic/n3cat/hackrf/firmware/common/max2837_target.c.obj
LOAD CMakeFiles/hackrf_usb_ram_objects.dir/home/jens/Documents/academic/n3cat/hackrf/firmware/common/max2839.c.obj
LOAD CMakeFiles/hackrf_usb_ram_objects.dir/home/jens/Documents/academic/n3cat/hackrf/firmware/common/max2839_target.c.obj
LOAD CMakeFiles/hackrf_usb_ram_objects.dir/hackrf_usb_ram_m0_bin.s.obj
LOAD /home/jens/Applications/arm-toolchain/bin/../lib/gcc/arm-none-eabi/14.3.1/../../../../arm-none-eabi/lib/thumb/v7e-m+fp/hard/libc.a
LOAD /home/jens/Applications/arm-toolchain/bin/../lib/gcc/arm-none-eabi/14.3.1/../../../../arm-none-eabi/lib/thumb/v7e-m+fp/hard/libnosys.a
LOAD /home/jens/Documents/academic/n3cat/hackrf/firmware/libopencm3/lib/libopencm3_lpc43xx.a
LOAD /home/jens/Applications/arm-toolchain/bin/../lib/gcc/arm-none-eabi/14.3.1/../../../../arm-none-eabi/lib/thumb/v7e-m+fp/hard/libm.a
START GROUP
LOAD /home/jens/Applications/arm-toolchain/bin/../lib/gcc/arm-none-eabi/14.3.1/thumb/v7e-m+fp/hard/libgcc.a
LOAD /home/jens/Applications/arm-toolchain/bin/../lib/gcc/arm-none-eabi/14.3.1/../../../../arm-none-eabi/lib/thumb/v7e-m+fp/hard/libc.a
END GROUP
START GROUP
LOAD /home/jens/Applications/arm-toolchain/bin/../lib/gcc/arm-none-eabi/14.3.1/thumb/v7e-m+fp/hard/libgcc.a
LOAD /home/jens/Applications/arm-toolchain/bin/../lib/gcc/arm-none-eabi/14.3.1/../../../../arm-none-eabi/lib/thumb/v7e-m+fp/hard/libc.a
LOAD /home/jens/Applications/arm-toolchain/bin/../lib/gcc/arm-none-eabi/14.3.1/../../../../arm-none-eabi/lib/thumb/v7e-m+fp/hard/libnosys.a
END GROUP
                0x20008000                        usb_bulk_buffer = ORIGIN (ram_usb)
                0x20000000                        lz4_in_buf = ORIGIN (ram_lz4_in)
                0x20001000                        lz4_out_buf = ORIGIN (ram_lz4_out)
                0x20007000                        m0_state = ORIGIN (ram_shared)
                0x20002000                        PROVIDE (__ram_m0_start__ = ORIGIN (ram_m0))

.text           0x00000000     0xa628
                0x00000000                        . = ALIGN (0x400)
                0x00000000                        _text_ram = 0x0
 *(.vectors)
 .vectors       0x00000000      0x114 /home/jens/Documents/academic/n3cat/hackrf/firmware/libopencm3/lib/libopencm3_lpc43xx.a(vector.o)
                0x00000000                vector_table
                0x00000400                        . = ALIGN (0x400)
 *fill*         0x00000114      0x2ec 
                0x00000001                        ASSERT ((. == 0x400), Error: attempting to place firmware information section at incorrect location)
 *(.firmware_info)
 .firmware_info
                0x00000400       0x30 CMakeFiles/hackrf_usb_ram_objects.dir/home/jens/Documents/academic/n3cat/hackrf/firmware/common/firmware_info.c.obj
                0x00000400                firmware_info
 *(.text*)
 .text          0x00000430       0xbc CMakeFiles/hackrf_usb_ram_objects.dir/hackrf_usb.c.obj
                0x00000430                usb_vendor_request
                0x00000448                usb_configuration_changed
                0x00000484                usb_set_descriptor_by_serial_number
 .text.startup  0x000004ec      0x1c4 CMakeFiles/hackrf_usb_ram_objects.dir/hackrf_usb.c.obj
                0x000004ec                main
 .text          0x000006b0      0x214 CMakeFiles/hackrf_usb_ram_objects.dir/home/jens/Documents/academic/n3cat/hackrf/firmware/common/tuning.c.obj
                0x000006b0                set_freq
                0x00000828                set_freq_explicit
 .text          0x000008c4       0x14 CMakeFiles/hackrf_usb_ram_objects.dir/home/jens/Documents/academic/n3cat/hackrf/firmware/common/streaming.c.obj
                0x000008c4                baseband_streaming_enable
                0x000008d4                baseband_streaming_disable
 .text          0x000008d8      0x580 CMakeFiles/hackrf_usb_ram_objects.dir/home/jens/Documents/academic/n3cat/hackrf/firmware/common/usb.c.obj
                0x0000097c                usb_queue_head
                0x00000994                usb_endpoint_from_address
                0x0000099e                usb_peripheral_reset
                0x000009bc                usb_phy_enable
                0x000009cc                usb_endpoint_prime
                0x000009fc                usb_endpoint_flush
                0x00000a1c                usb_endpoint_disable
                0x00000a68                usb_endpoint_is_ready
                0x00000a94                usb_endpoint_schedule_wait
                0x00000ab4                usb_endpoint_schedule_append
                0x00000b1c                usb_endpoint_is_complete
                0x00000b48                usb_endpoint_stall
                0x00000b64                usb_endpoint_reset_data_toggle
                0x00000b88                usb_speed
                0x00000bb4                usb_set_address_immediate
                0x00000bd0                usb_set_address_deferred
                0x00000bf0                usb_device_init
                0x00000c4c                usb_run
                0x00000c78                usb_endpoint_init
                0x00000d14                usb0_isr
 .text          0x00000e58       0x98 CMakeFiles/hackrf_usb_ram_objects.dir/home/jens/Documents/academic/n3cat/hackrf/firmware/common/usb_request.c.obj
                0x00000e9c                usb_setup_complete
                0x00000eb6                usb_control_out_complete
                0x00000ed2                usb_control_in_complete
 .text          0x00000ef0      0x220 CMakeFiles/hackrf_usb_ram_objects.dir/home/jens/Documents/academic/n3cat/hackrf/firmware/common/usb_standard_request.c.obj
                0x00000f48                usb_endpoint_descriptor
                0x00000f6e                usb_endpoint_descriptor_max_packet_size
                0x00000f72                usb_endpoint_descriptor_transfer_type
                0x00000f7a                usb_set_configuration_changed_cb
                0x00000f84                usb_set_configuration
                0x00000fd0                usb_vendor_request_read_wcid
                0x00000ff6                usb_standard_request
 .text          0x00001110      0x178 CMakeFiles/hackrf_usb_ram_objects.dir/usb_api_board_info.c.obj
                0x00001110                usb_vendor_request_read_board_id
                0x0000113a                usb_vendor_request_read_version_string
                0x0000117c                usb_vendor_request_read_partid_serialno
                0x000011e8                usb_vendor_request_reset
                0x00001230                usb_vendor_request_read_board_rev
                0x0000125a                usb_vendor_request_read_supported_platform
 .text          0x00001288       0x24 CMakeFiles/hackrf_usb_ram_objects.dir/usb_api_m0_state.c.obj
                0x00001288                usb_vendor_request_get_m0_state
 .text          0x000012ac      0x1c4 CMakeFiles/hackrf_usb_ram_objects.dir/usb_api_register.c.obj
                0x000012ac                usb_vendor_request_write_max283x
                0x000012dc                usb_vendor_request_read_max283x
                0x0000131c                usb_vendor_request_write_si5351c
                0x0000134c                usb_vendor_request_read_si5351c
                0x0000138c                usb_vendor_request_write_rffc5071
                0x000013b8                usb_vendor_request_read_rffc5071
                0x000013f8                usb_vendor_request_set_clkout_enable
                0x00001414                usb_vendor_request_get_clkin_status
                0x00001444                usb_vendor_request_set_leds
                0x0000145a                usb_vendor_request_user_config_set_bias_t_opts
 .text          0x00001470      0x188 CMakeFiles/hackrf_usb_ram_objects.dir/usb_api_spiflash.c.obj
                0x00001470                usb_vendor_request_erase_spiflash
                0x000014a0                usb_vendor_request_write_spiflash
                0x00001528                usb_vendor_request_read_spiflash
                0x000015a4                usb_vendor_request_spiflash_status
                0x000015dc                usb_vendor_request_spiflash_clear_status
 .text          0x000015f8      0x558 CMakeFiles/hackrf_usb_ram_objects.dir/usb_api_transceiver.c.obj
                0x000015f8                transceiver_bulk_transfer_complete
                0x00001608                usb_vendor_request_set_baseband_filter_bandwidth
                0x00001654                usb_vendor_request_set_freq
                0x000016c8                usb_vendor_request_set_freq_explicit
                0x00001744                usb_vendor_request_set_sample_rate_frac
                0x000017a4                usb_vendor_request_set_amp_enable
                0x000017d4                usb_vendor_request_set_lna_gain
                0x00001814                usb_vendor_request_set_vga_gain
                0x00001854                usb_vendor_request_set_txvga_gain
                0x00001894                usb_vendor_request_set_antenna_enable
                0x000018c4                request_transceiver_mode
                0x000018f0                transceiver_shutdown
                0x00001938                transceiver_startup
                0x000019b0                usb_vendor_request_set_transceiver_mode
                0x000019d8                usb_vendor_request_set_hw_sync_mode
                0x00001a04                usb_vendor_request_set_tx_underrun_limit
                0x00001a20                usb_vendor_request_set_rx_overrun_limit
                0x00001a3c                rx_mode
                0x00001aa4                tx_mode
                0x00001b34                off_mode
 .text          0x00001b50      0x1b8 CMakeFiles/hackrf_usb_ram_objects.dir/usb_api_operacake.c.obj
                0x00001b50                usb_vendor_request_operacake_get_boards
                0x00001b7c                usb_vendor_request_operacake_set_ports
                0x00001b98                usb_vendor_request_operacake_set_ranges
                0x00001c04                usb_vendor_request_operacake_gpio_test
                0x00001c30                usb_vendor_request_operacake_set_mode
                0x00001c50                usb_vendor_request_operacake_get_mode
                0x00001c7c                usb_vendor_request_operacake_set_dwell_times
 .text          0x00001d08      0x2b8 CMakeFiles/hackrf_usb_ram_objects.dir/usb_api_sweep.c.obj
                0x00001d08                sweep_bulk_transfer_complete
                0x00001d18                usb_vendor_request_init_sweep
                0x00001df0                sweep_mode
 .text          0x00001fc0      0x2b0 CMakeFiles/hackrf_usb_ram_objects.dir/usb_api_selftest.c.obj
                0x00001ffc                append
                0x0000201c                generate_selftest_report
                0x000021c0                usb_vendor_request_read_selftest
                0x000021ec                usb_vendor_request_test_rtc_osc
 .text          0x00002270       0x1c CMakeFiles/hackrf_usb_ram_objects.dir/usb_api_ui.c.obj
                0x00002270                usb_vendor_request_set_ui_enable
 .text          0x0000228c       0x42 CMakeFiles/hackrf_usb_ram_objects.dir/usb_api_adc.c.obj
                0x0000228c                usb_vendor_request_adc_read
 *fill*         0x000022ce        0x2 
 .text          0x000022d0      0x1d4 CMakeFiles/hackrf_usb_ram_objects.dir/home/jens/Documents/academic/n3cat/hackrf/firmware/common/usb_queue.c.obj
                0x0000230c                usb_queue_init
                0x00002358                usb_queue_flush_endpoint
                0x00002378                usb_transfer_schedule
                0x00002428                usb_transfer_schedule_block
                0x00002450                usb_transfer_schedule_ack
                0x00002466                usb_queue_transfer_complete
 .text          0x000024a4       0x24 CMakeFiles/hackrf_usb_ram_objects.dir/home/jens/Documents/academic/n3cat/hackrf/firmware/common/fault_handler.c.obj
                0x000024a4                hard_fault_handler
                0x000024b6                hard_fault_handler_c
                0x000024c0                mem_manage_handler
                0x000024c2                bus_fault_handler
                0x000024c4                usage_fault_handler
 .text          0x000024c8       0xbc CMakeFiles/hackrf_usb_ram_objects.dir/home/jens/Documents/academic/n3cat/hackrf/firmware/common/cpld_jtag.c.obj
                0x000024c8                cpld_jtag_take
                0x0000250c                cpld_jtag_release
                0x00002538                cpld_jtag_program
                0x00002564                cpld_jtag_get_next_byte
 .text          0x00002584       0x58 CMakeFiles/hackrf_usb_ram_objects.dir/home/jens/Documents/academic/n3cat/hackrf/firmware/common/crc.c.obj
                0x00002584                crc32_init
                0x00002598                crc32_update
                0x000025d4                crc32_digest
 .text          0x000025dc       0x88 CMakeFiles/hackrf_usb_ram_objects.dir/home/jens/Documents/academic/n3cat/hackrf/firmware/common/rom_iap.c.obj
                0x000025dc                iap_is_implemented
                0x000025f6                iap_cmd_call
 .text          0x00002664      0x420 CMakeFiles/hackrf_usb_ram_objects.dir/home/jens/Documents/academic/n3cat/hackrf/firmware/common/operacake.c.obj
                0x00002664                operacake_read_reg
                0x0000268c                operacake_write_reg
                0x000026ae                operacake_init
                0x00002714                operacake_is_board_present
                0x00002728                operacake_get_boards
                0x0000274e                port_to_pins
                0x00002760                operacake_activate_ports
                0x000027b0                operacake_set_mode
                0x00002834                operacake_get_mode
                0x00002848                operacake_set_ports
                0x0000287c                operacake_add_range
                0x000028bc                operacake_clear_ranges
                0x000028cc                operacake_set_range
                0x00002948                gpio_test
 .text          0x00002a84      0x1f4 CMakeFiles/hackrf_usb_ram_objects.dir/home/jens/Documents/academic/n3cat/hackrf/firmware/common/operacake_sctimer.c.obj
                0x00002a84                operacake_sctimer_init
                0x00002b14                operacake_sctimer_enable
                0x00002b28                operacake_sctimer_set_dwell_times
                0x00002c40                operacake_sctimer_stop
                0x00002c4e                operacake_sctimer_reset_state
 .text          0x00002c78       0xe8 CMakeFiles/hackrf_usb_ram_objects.dir/usb_api_cpld.c.obj
                0x00002cb8                cpld_update
                0x00002d04                usb_vendor_request_cpld_checksum
 .text          0x00002d60      0x55c CMakeFiles/hackrf_usb_ram_objects.dir/home/jens/Documents/academic/n3cat/hackrf/firmware/common/cpld_xc2c.c.obj
                0x00002f6a                cpld_xc2c64a_jtag_checksum
                0x00003120                cpld_xc2c64a_jtag_sram_write
                0x000031c8                cpld_xc2c64a_jtag_sram_verify
 .text          0x000032bc       0xd2 CMakeFiles/hackrf_usb_ram_objects.dir/home/jens/Documents/academic/n3cat/hackrf/firmware/common/xapp058/lenval.c.obj
                0x000032bc                value
                0x000032dc                initLenVal
                0x000032e4                EqualLenVal
                0x00003318                RetBit
                0x00003328                SetBit
                0x00003344                addVal
                0x00003372                readVal
 *fill*         0x0000338e        0x2 
 .text          0x00003390      0x878 CMakeFiles/hackrf_usb_ram_objects.dir/home/jens/Documents/academic/n3cat/hackrf/firmware/common/xapp058/micro.c.obj
                0x00003390                xsvfDoIllegalCmd
                0x00003396                xsvfDoXCOMPLETE
                0x0000339e                xsvfDoXTDOMASK
                0x000033b2                xsvfDoXSETSDRMASKS
                0x000033d2                xsvfDoXREPEAT
                0x000033e0                xsvfDoXENDXR
                0x0000341c                xsvfDoXCOMMENT
                0x00003436                xsvfDoXRUNTEST
                0x00003452                xsvfDoXSDRSIZE
                0x00003488                xsvfInfoInit
                0x000034a4                xsvfInfoCleanup
                0x000034a6                xsvfGetAsNumBytes
                0x000034b4                xsvfTmsTransition
                0x000034d8                xsvfGotoTapState
                0x00003618                xsvfDoXSTATE
                0x0000363e                xsvfDoXWAIT
                0x000036a2                xsvfShiftOnly
                0x0000373c                xsvfShift
                0x00003828                xsvfDoXSIR
                0x00003876                xsvfDoXSIR2
                0x000038d8                xsvfDoXSDR
                0x00003924                xsvfBasicXSDRTDO
                0x0000397a                xsvfDoXSDRTDO
                0x000039b8                xsvfDoXSDRBCE
                0x000039f4                xsvfDoXSDRTDOBCE
                0x00003a36                xsvfDoSDRMasking
                0x00003a96                xsvfDoXSDRINC
                0x00003b86                xsvfInitialize
                0x00003ba2                xsvfRun
                0x00003bdc                xsvfCleanup
                0x00003bde                xsvfExecute
 .text          0x00003c08       0xa8 CMakeFiles/hackrf_usb_ram_objects.dir/home/jens/Documents/academic/n3cat/hackrf/firmware/common/xapp058/ports.c.obj
                0x00003c08                delay_jtag
                0x00003c20                setPort
                0x00003c50                pulseClock
                0x00003c76                readByte
                0x00003c82                readTDOBit
                0x00003c98                waitTime
 .text          0x00003cb0      0x62c CMakeFiles/hackrf_usb_ram_objects.dir/home/jens/Documents/academic/n3cat/hackrf/firmware/common/portapack.c.obj
                0x00003e8a                portapack_backlight
                0x00003ea0                portapack_reference_oscillator
                0x00003eb8                portapack_fill_rectangle
                0x00003ee6                portapack_clear_display
                0x00003ef8                portapack_draw_bitmap
                0x00003f58                portapack_font_glyph
                0x00003f78                portapack
                0x00003f84                portapack_init
 .text          0x000042dc      0x4d4 CMakeFiles/hackrf_usb_ram_objects.dir/home/jens/Documents/academic/n3cat/hackrf/firmware/common/ui_portapack.c.obj
                0x0000479a                portapack_hackrf_ui_init
 .text          0x000047b0       0x1c CMakeFiles/hackrf_usb_ram_objects.dir/home/jens/Documents/academic/n3cat/hackrf/firmware/common/delay.c.obj
                0x000047b0                delay
                0x000047be                delay_us_at_mhz
 .text          0x000047cc      0x7f4 CMakeFiles/hackrf_usb_ram_objects.dir/home/jens/Documents/academic/n3cat/hackrf/firmware/common/hackrf_core.c.obj
                0x0000480a                sample_rate_frac_set
                0x00004914                sample_rate_set
                0x00004a14                cpu_clock_init
                0x00004bac                clock_gen_init
                0x00004c60                clock_gen_shutdown
                0x00004c8c                activate_best_clock_source
                0x00004d00                ssp1_set_mode_max283x
                0x00004d10                ssp1_set_mode_max5864
                0x00004d24                pin_setup
                0x00004da0                enable_1v8_power
                0x00004dc0                disable_1v8_power
                0x00004de0                enable_rf_power
                0x00004e14                disable_rf_power
                0x00004e34                pin_shutdown
                0x00004f08                led_on
                0x00004f18                led_off
                0x00004f28                led_toggle
                0x00004f38                set_leds
                0x00004f6c                trigger_enable
                0x00004f7c                halt_and_flash
 .text          0x00004fc0      0x2b8 CMakeFiles/hackrf_usb_ram_objects.dir/home/jens/Documents/academic/n3cat/hackrf/firmware/common/sgpio.c.obj
                0x00004ffc                sgpio_configure_pin_functions
                0x000050f4                sgpio_set_slice_mode
                0x000050f8                sgpio_configure
                0x0000522c                sgpio_cpld_stream_enable
                0x00005240                sgpio_cpld_stream_disable
                0x00005254                sgpio_cpld_stream_is_enabled
                0x00005268                sgpio_cpld_set_mixer_invert
 .text          0x00005278      0x458 CMakeFiles/hackrf_usb_ram_objects.dir/home/jens/Documents/academic/n3cat/hackrf/firmware/common/rf_path.c.obj
                0x000053a8                rf_path_pin_setup
                0x000054e8                rf_path_init
                0x00005528                rf_path_set_filter
                0x00005578                rf_path_set_lna
                0x000055b2                rf_path_set_direction
                0x000056a4                rf_path_set_antenna
 .text          0x000056d0      0x4a8 CMakeFiles/hackrf_usb_ram_objects.dir/home/jens/Documents/academic/n3cat/hackrf/firmware/common/si5351c.c.obj
                0x000056d0                si5351c_read_single
                0x000056f8                si5351c_write
                0x00005710                si5351c_write_single
                0x00005728                si5351c_disable_all_outputs
                0x00005740                si5351c_disable_oeb_pin_control
                0x00005758                si5351c_power_down_all_clocks
                0x0000577c                si5351c_set_crystal_configuration
                0x00005794                si5351c_enable_xo_and_ms_fanout
                0x000057ac                si5351c_configure_pll_sources
                0x000057c4                si5351c_configure_pll_multisynth
                0x00005800                si5351c_reset_pll
                0x00005818                si5351c_configure_multisynth
                0x00005868                si5351c_configure_clock_control
                0x00005924                si5351c_enable_clock_outputs
                0x00005984                si5351c_set_int_mode
                0x000059c0                si5351c_set_clock_source
                0x00005a18                si5351c_clkin_signal_valid
                0x00005a54                si5351c_clkout_enable
                0x00005aa4                si5351c_init
 .text          0x00005b78       0x3e CMakeFiles/hackrf_usb_ram_objects.dir/home/jens/Documents/academic/n3cat/hackrf/firmware/common/max5864.c.obj
                0x00005b8e                max5864_setup
                0x00005b92                max5864_shutdown
                0x00005b98                max5864_standby
                0x00005b9e                max5864_idle
                0x00005ba4                max5864_rx
                0x00005baa                max5864_tx
                0x00005bb0                max5864_xcvr
 *fill*         0x00005bb6        0x2 
 .text          0x00005bb8       0x38 CMakeFiles/hackrf_usb_ram_objects.dir/home/jens/Documents/academic/n3cat/hackrf/firmware/common/max5864_target.c.obj
                0x00005bb8                max5864_target_init
 .text          0x00005bf0       0x30 CMakeFiles/hackrf_usb_ram_objects.dir/home/jens/Documents/academic/n3cat/hackrf/firmware/common/mixer.c.obj
                0x00005bf0                mixer_bus_setup
                0x00005c00                mixer_setup
                0x00005c04                mixer_set_frequency
                0x00005c08                mixer_tx
                0x00005c0c                mixer_rx
                0x00005c10                mixer_rxtx
                0x00005c14                mixer_enable
                0x00005c18                mixer_disable
                0x00005c1c                mixer_set_gpo
 .text          0x00005c20       0x14 CMakeFiles/hackrf_usb_ram_objects.dir/home/jens/Documents/academic/n3cat/hackrf/firmware/common/i2c_bus.c.obj
                0x00005c20                i2c_bus_start
                0x00005c24                i2c_bus_stop
                0x00005c28                i2c_bus_transfer
 .text          0x00005c34       0xae CMakeFiles/hackrf_usb_ram_objects.dir/home/jens/Documents/academic/n3cat/hackrf/firmware/common/i2c_lpc.c.obj
                0x00005c34                i2c_lpc_start
                0x00005c3c                i2c_lpc_stop
                0x00005c42                i2c_lpc_transfer
                0x00005cb8                i2c_probe
 *fill*         0x00005ce2        0x2 
 .text          0x00005ce4      0x2ac CMakeFiles/hackrf_usb_ram_objects.dir/home/jens/Documents/academic/n3cat/hackrf/firmware/common/w25q80bv.c.obj
                0x00005ce4                w25q80bv_get_status
                0x00005d02                w25q80bv_get_device_id
                0x00005d28                w25q80bv_setup
                0x00005d52                w25q80bv_get_unique_id
                0x00005d98                w25q80bv_wait_while_busy
                0x00005da8                w25q80bv_write_enable
                0x00005e20                w25q80bv_chip_erase
                0x00005e52                w25q80bv_program
                0x00005ed4                w25q80bv_read
                0x00005f26                w25q80bv_clear_status
                0x00005f54                w25q80bv_get_full_status
 .text          0x00005f90       0x98 CMakeFiles/hackrf_usb_ram_objects.dir/home/jens/Documents/academic/n3cat/hackrf/firmware/common/w25q80bv_target.c.obj
                0x00005f90                w25q80bv_target_init
 .text          0x00006028       0x10 CMakeFiles/hackrf_usb_ram_objects.dir/home/jens/Documents/academic/n3cat/hackrf/firmware/common/spi_bus.c.obj
                0x00006028                spi_bus_start
                0x0000602c                spi_bus_stop
                0x00006030                spi_bus_transfer
                0x00006034                spi_bus_transfer_gather
 .text          0x00006038      0x100 CMakeFiles/hackrf_usb_ram_objects.dir/home/jens/Documents/academic/n3cat/hackrf/firmware/common/spi_ssp.c.obj
                0x00006052                spi_ssp_start
                0x000060a0                spi_ssp_stop
                0x000060a8                spi_ssp_transfer_gather
                0x00006122                spi_ssp_transfer
 .text          0x00006138       0x68 CMakeFiles/hackrf_usb_ram_objects.dir/home/jens/Documents/academic/n3cat/hackrf/firmware/common/gpio_lpc.c.obj
                0x00006138                gpio_init
                0x00006154                gpio_set
                0x0000615e                gpio_clear
                0x00006168                gpio_toggle
                0x00006172                gpio_output
                0x0000617e                gpio_input
                0x0000618c                gpio_write
                0x00006192                gpio_read
 .text          0x000061a0       0x8c CMakeFiles/hackrf_usb_ram_objects.dir/home/jens/Documents/academic/n3cat/hackrf/firmware/common/hackrf_ui.c.obj
                0x000061a0                hackrf_ui_init_null
                0x000061a2                hackrf_ui_set_frequency_null
                0x000061a4                hackrf_ui_set_sample_rate_null
                0x000061a6                hackrf_ui_set_direction_null
                0x000061a8                hackrf_ui_set_lna_power_null
                0x000061aa                hackrf_ui_operacake_gpio_compatible_null
                0x000061ae                hackrf_ui_set_transceiver_mode_null
                0x000061b0                hackrf_ui_set_bb_tx_vga_gain_null
                0x000061b2                hackrf_ui_set_first_if_frequency_null
                0x000061b4                hackrf_ui_set_filter_bw_null
                0x000061b6                hackrf_ui_set_bb_lna_gain_null
                0x000061b8                hackrf_ui_set_bb_vga_gain_null
                0x000061ba                hackrf_ui_set_filter_null
                0x000061bc                hackrf_ui_set_clock_source_null
                0x000061be                hackrf_ui_set_antenna_bias_null
                0x000061c0                hackrf_ui_deinit_null
                0x000061c2                hackrf_ui
                0x000061f8                hackrf_ui_set_enable
 .text          0x0000622c      0x2c0 CMakeFiles/hackrf_usb_ram_objects.dir/home/jens/Documents/academic/n3cat/hackrf/firmware/common/platform_detect.c.obj
                0x0000622c                check_pin_strap
                0x0000624c                detect_hardware_platform
                0x000064c8                detected_platform
                0x000064d4                detected_revision
                0x000064e0                supported_platform
 .text          0x000064ec       0xf0 CMakeFiles/hackrf_usb_ram_objects.dir/home/jens/Documents/academic/n3cat/hackrf/firmware/common/clkin.c.obj
                0x000064ec                clkin_detect_init
                0x000065cc                clkin_frequency
 .text          0x000065dc       0xc4 CMakeFiles/hackrf_usb_ram_objects.dir/home/jens/Documents/academic/n3cat/hackrf/firmware/common/gpdma.c.obj
                0x000065dc                gpdma_controller_enable
                0x000065f4                gpdma_channel_enable
                0x00006608                gpdma_channel_disable
                0x0000662c                gpdma_channel_interrupt_tc_clear
                0x0000663c                gpdma_channel_interrupt_error_clear
                0x0000664c                gpdma_lli_enable_interrupt
                0x00006656                gpdma_lli_create_loop
                0x00006684                gpdma_lli_create_oneshot
 .text          0x000066a0       0x88 CMakeFiles/hackrf_usb_ram_objects.dir/home/jens/Documents/academic/n3cat/hackrf/firmware/common/user_config.c.obj
                0x000066b4                user_config_on_rf_path_direction_change
                0x000066d4                user_config_set_bias_t_opt
                0x000066f8                user_config_set_bias_t_opts
 .text          0x00006728      0x470 CMakeFiles/hackrf_usb_ram_objects.dir/home/jens/Documents/academic/n3cat/hackrf/firmware/common/radio.c.obj
                0x00006728                radio_set_sample_rate
                0x00006776                radio_get_sample_rate
                0x00006794                radio_set_filter
                0x000067cc                radio_get_filter
                0x000067e2                radio_set_gain
                0x00006858                radio_get_gain
                0x00006868                radio_set_frequency
                0x00006904                radio_get_frequency
                0x0000692a                radio_set_antenna
                0x00006978                radio_get_antenna
                0x00006988                radio_set_clock
                0x000069c4                radio_get_clock
                0x000069e4                radio_set_trigger_enable
                0x000069f4                radio_get_trigger_enable
                0x00006a02                radio_get_mode
                0x00006a10                radio_get_direction
                0x00006a2c                radio_get_clock_source
                0x00006a3a                radio_switch_mode
 .text          0x00006b98       0x20 CMakeFiles/hackrf_usb_ram_objects.dir/home/jens/Documents/academic/n3cat/hackrf/firmware/common/m0_state.c.obj
                0x00006b98                m0_set_mode
 .text          0x00006bb8       0x58 CMakeFiles/hackrf_usb_ram_objects.dir/home/jens/Documents/academic/n3cat/hackrf/firmware/common/adc.c.obj
                0x00006bb8                adc_read
                0x00006c04                adc_off
 .text          0x00006c10      0x414 CMakeFiles/hackrf_usb_ram_objects.dir/home/jens/Documents/academic/n3cat/hackrf/firmware/common/rffc5071.c.obj
                0x00006c2c                rffc5071_reg_read
                0x00006c76                rffc5071_reg_write
                0x00006ca8                rffc5071_regs_commit
                0x00006cce                rffc5071_init
                0x00006d18                rffc5071_setup
                0x00006d76                rffc5071_check_lock
                0x00006da2                rffc5071_tx
                0x00006dcc                rffc5071_rx
                0x00006dd0                rffc5071_disable
                0x00006de4                rffc5071_enable
                0x00006df8                rffc5071_rxtx
                0x00006e2a                rffc5071_config_synth
                0x00006f90                rffc5071_set_frequency
                0x00006fb4                rffc5071_lock_test
                0x00007000                rffc5071_set_gpo
 .text          0x00007024      0x140 CMakeFiles/hackrf_usb_ram_objects.dir/home/jens/Documents/academic/n3cat/hackrf/firmware/common/rffc5071_spi.c.obj
                0x00007084                rffc5071_spi_start
                0x000070ec                rffc5071_spi_stop
                0x000070ee                rffc5071_spi_transfer
                0x00007156                rffc5071_spi_transfer_gather
 .text          0x00007164      0x17c CMakeFiles/hackrf_usb_ram_objects.dir/home/jens/Documents/academic/n3cat/hackrf/firmware/common/max283x.c.obj
                0x00007164                max283x_setup
                0x000071a0                max283x_reg_read
                0x000071b8                max283x_reg_write
                0x000071ce                max283x_regs_commit
                0x000071e4                max283x_set_mode
                0x000071fa                max283x_mode
                0x00007212                max283x_start
                0x00007228                max283x_stop
                0x0000723e                max283x_set_frequency
                0x00007254                max283x_set_lpf_bandwidth
                0x0000726c                max283x_set_lna_gain
                0x00007284                max283x_set_vga_gain
                0x0000729c                max283x_set_txvga_gain
                0x000072b4                max283x_tx
                0x000072ca                max283x_rx
 .text          0x000072e0      0x408 CMakeFiles/hackrf_usb_ram_objects.dir/home/jens/Documents/academic/n3cat/hackrf/firmware/common/max2837.c.obj
                0x000072e0                max2837_reg_read
                0x00007324                max2837_reg_write
                0x00007358                max2837_regs_commit
                0x0000737e                max2837_set_mode
                0x00007382                max2837_setup
                0x00007480                max2837_mode
                0x00007484                max2837_start
                0x000074a8                max2837_tx
                0x000074d0                max2837_rx
                0x000074f8                max2837_stop
                0x0000751c                max2837_set_frequency
                0x000075f0                max2837_set_lpf_bandwidth
                0x00007620                max2837_set_lna_gain
                0x00007674                max2837_set_vga_gain
                0x000076ac                max2837_set_txvga_gain
 .text          0x000076e8       0xa0 CMakeFiles/hackrf_usb_ram_objects.dir/home/jens/Documents/academic/n3cat/hackrf/firmware/common/max2837_target.c.obj
                0x000076e8                max2837_target_init
                0x00007758                max2837_target_set_mode
 .text          0x00007788      0x418 CMakeFiles/hackrf_usb_ram_objects.dir/home/jens/Documents/academic/n3cat/hackrf/firmware/common/max2839.c.obj
                0x00007788                max2839_reg_read
                0x000077bc                max2839_reg_write
                0x000077f0                max2839_regs_commit
                0x00007816                max2839_set_mode
                0x0000781a                max2839_setup
                0x00007914                max2839_mode
                0x00007918                max2839_start
                0x0000793c                max2839_tx
                0x00007964                max2839_rx
                0x0000798c                max2839_stop
                0x000079b0                max2839_set_frequency
                0x00007a64                max2839_set_lpf_bandwidth
                0x00007a94                max2839_configure_rx_gain
                0x00007b30                max2839_set_lna_gain
                0x00007b54                max2839_set_vga_gain
                0x00007b78                max2839_set_txvga_gain
 .text          0x00007ba0       0x98 CMakeFiles/hackrf_usb_ram_objects.dir/home/jens/Documents/academic/n3cat/hackrf/firmware/common/max2839_target.c.obj
                0x00007ba0                max2839_target_init
                0x00007bfc                max2839_target_set_mode
 .text.memset   0x00007c38       0x9c /home/jens/Applications/arm-toolchain/bin/../lib/gcc/arm-none-eabi/14.3.1/../../../../arm-none-eabi/lib/thumb/v7e-m+fp/hard/libc.a(libc_a-memset.o)
                0x00007c38                memset
 .text          0x00007cd4      0x134 /home/jens/Applications/arm-toolchain/bin/../lib/gcc/arm-none-eabi/14.3.1/../../../../arm-none-eabi/lib/thumb/v7e-m+fp/hard/libc.a(libc_a-memcpy.o)
                0x00007cd4                memcpy
 *fill*         0x00007e08       0x38 
 .text          0x00007e40       0xd8 /home/jens/Applications/arm-toolchain/bin/../lib/gcc/arm-none-eabi/14.3.1/../../../../arm-none-eabi/lib/thumb/v7e-m+fp/hard/libc.a(libc_a-strlen.o)
                0x00007e40                strlen
 .text.scu_pinmux
                0x00007f18        0x4 /home/jens/Documents/academic/n3cat/hackrf/firmware/libopencm3/lib/libopencm3_lpc43xx.a(scu.o)
                0x00007f18                scu_pinmux
 .text.i2c_init
                0x00007f1c       0x10 /home/jens/Documents/academic/n3cat/hackrf/firmware/libopencm3/lib/libopencm3_lpc43xx.a(i2c.o)
                0x00007f1c                i2c_init
 .text.i2c_disable
                0x00007f2c        0x8 /home/jens/Documents/academic/n3cat/hackrf/firmware/libopencm3/lib/libopencm3_lpc43xx.a(i2c.o)
                0x00007f2c                i2c_disable
 .text.i2c_tx_start
                0x00007f34       0x24 /home/jens/Documents/academic/n3cat/hackrf/firmware/libopencm3/lib/libopencm3_lpc43xx.a(i2c.o)
                0x00007f34                i2c_tx_start
 .text.i2c_tx_byte
                0x00007f58       0x28 /home/jens/Documents/academic/n3cat/hackrf/firmware/libopencm3/lib/libopencm3_lpc43xx.a(i2c.o)
                0x00007f58                i2c_tx_byte
 .text.i2c_rx_byte
                0x00007f80       0x34 /home/jens/Documents/academic/n3cat/hackrf/firmware/libopencm3/lib/libopencm3_lpc43xx.a(i2c.o)
                0x00007f80                i2c_rx_byte
 .text.i2c_stop
                0x00007fb4       0x14 /home/jens/Documents/academic/n3cat/hackrf/firmware/libopencm3/lib/libopencm3_lpc43xx.a(i2c.o)
                0x00007fb4                i2c_stop
 .text.timer_reset
                0x00007fc8       0x14 /home/jens/Documents/academic/n3cat/hackrf/firmware/libopencm3/lib/libopencm3_lpc43xx.a(timer.o)
                0x00007fc8                timer_reset
 .text.timer_enable_counter
                0x00007fdc        0xc /home/jens/Documents/academic/n3cat/hackrf/firmware/libopencm3/lib/libopencm3_lpc43xx.a(timer.o)
                0x00007fdc                timer_enable_counter
 .text.timer_set_prescaler
                0x00007fe8        0x4 /home/jens/Documents/academic/n3cat/hackrf/firmware/libopencm3/lib/libopencm3_lpc43xx.a(timer.o)
                0x00007fe8                timer_set_prescaler
 .text.timer_set_mode
                0x00007fec        0xc /home/jens/Documents/academic/n3cat/hackrf/firmware/libopencm3/lib/libopencm3_lpc43xx.a(timer.o)
                0x00007fec                timer_set_mode
 .text.wwdt_reset
                0x00007ff8       0x20 /home/jens/Documents/academic/n3cat/hackrf/firmware/libopencm3/lib/libopencm3_lpc43xx.a(wwdt.o)
                0x00007ff8                wwdt_reset
 .text.ipc_halt_m0
                0x00008018       0x28 /home/jens/Documents/academic/n3cat/hackrf/firmware/libopencm3/lib/libopencm3_lpc43xx.a(ipc.o)
                0x00008018                ipc_halt_m0
 .text.ipc_start_m0
                0x00008040       0x30 /home/jens/Documents/academic/n3cat/hackrf/firmware/libopencm3/lib/libopencm3_lpc43xx.a(ipc.o)
                0x00008040                ipc_start_m0
 .text.blocking_handler
                0x00008070        0x4 /home/jens/Documents/academic/n3cat/hackrf/firmware/libopencm3/lib/libopencm3_lpc43xx.a(vector.o)
                0x00008070                adc0_isr
                0x00008070                qei_isr
                0x00008070                spi_isr
                0x00008070                usart3_isr
                0x00008070                rtc_isr
                0x00008070                gint1_isr
                0x00008070                timer1_isr
                0x00008070                i2c0_isr
                0x00008070                usart0_isr
                0x00008070                blocking_handler
                0x00008070                pin_int1_isr
                0x00008070                ssp1_isr
                0x00008070                spifi_isr
                0x00008070                gint0_isr
                0x00008070                i2c1_isr
                0x00008070                ritimer_isr
                0x00008070                dac_isr
                0x00008070                sdio_isr
                0x00008070                dma_isr
                0x00008070                ethernet_isr
                0x00008070                c_can0_isr
                0x00008070                eventrouter_isr
                0x00008070                m0core_isr
                0x00008070                uart1_isr
                0x00008070                pin_int6_isr
                0x00008070                usart2_isr
                0x00008070                pin_int5_isr
                0x00008070                timer2_isr
                0x00008070                pin_int0_isr
                0x00008070                sct_isr
                0x00008070                pin_int2_isr
                0x00008070                timer3_isr
                0x00008070                lcd_isr
                0x00008070                pin_int7_isr
                0x00008070                ssp0_isr
                0x00008070                atimer_isr
                0x00008070                sgpio_isr
                0x00008070                i2s0_isr
                0x00008070                wwdt_isr
                0x00008070                pin_int3_isr
                0x00008070                adc1_isr
                0x00008070                mcpwm_isr
                0x00008070                timer0_isr
                0x00008070                i2s1_isr
                0x00008070                usb1_isr
                0x00008070                pin_int4_isr
                0x00008070                c_can1_isr
 .text.null_handler
                0x00008074        0x4 /home/jens/Documents/academic/n3cat/hackrf/firmware/libopencm3/lib/libopencm3_lpc43xx.a(vector.o)
                0x00008074                null_handler
                0x00008074                sv_call_handler
                0x00008074                pend_sv_handler
                0x00008074                debug_monitor_handler
                0x00008074                sys_tick_handler
                0x00008074                nmi_handler
 .text.reset_handler
                0x00008078      0x104 /home/jens/Documents/academic/n3cat/hackrf/firmware/libopencm3/lib/libopencm3_lpc43xx.a(vector.o)
                0x00008078                reset_handler
 .text.nvic_enable_irq
                0x0000817c       0x18 /home/jens/Documents/academic/n3cat/hackrf/firmware/libopencm3/lib/libopencm3_lpc43xx.a(nvic.o)
                0x0000817c                nvic_enable_irq
 .text.nvic_disable_irq
                0x00008194       0x18 /home/jens/Documents/academic/n3cat/hackrf/firmware/libopencm3/lib/libopencm3_lpc43xx.a(nvic.o)
                0x00008194                nvic_disable_irq
 .text.nvic_set_priority
                0x000081ac       0x20 /home/jens/Documents/academic/n3cat/hackrf/firmware/libopencm3/lib/libopencm3_lpc43xx.a(nvic.o)
                0x000081ac                nvic_set_priority
 .text.__ldrex  0x000081cc        0x8 /home/jens/Documents/academic/n3cat/hackrf/firmware/libopencm3/lib/libopencm3_lpc43xx.a(sync.o)
                0x000081cc                __ldrex
 .text.__strex  0x000081d4        0x8 /home/jens/Documents/academic/n3cat/hackrf/firmware/libopencm3/lib/libopencm3_lpc43xx.a(sync.o)
                0x000081d4                __strex
 .text          0x000081dc       0x30 /home/jens/Applications/arm-toolchain/bin/../lib/gcc/arm-none-eabi/14.3.1/thumb/v7e-m+fp/hard/libgcc.a(_aeabi_uldivmod.o)
                0x000081dc                __aeabi_uldivmod
 .text.__udivmoddi4
                0x0000820c      0x2f8 /home/jens/Applications/arm-toolchain/bin/../lib/gcc/arm-none-eabi/14.3.1/thumb/v7e-m+fp/hard/libgcc.a(_udivmoddi4.o)
                0x0000820c                __udivmoddi4
 .text          0x00008504        0x4 /home/jens/Applications/arm-toolchain/bin/../lib/gcc/arm-none-eabi/14.3.1/thumb/v7e-m+fp/hard/libgcc.a(_dvmd_tls.o)
                0x00008504                __aeabi_ldiv0
                0x00008504                __aeabi_idiv0
                0x00008508                        . = ALIGN (0x4)
 *(.rodata*)
 .rodata        0x00008508       0xfc CMakeFiles/hackrf_usb_ram_objects.dir/hackrf_usb.c.obj
                0x000085f4                usb_request_handlers
 .rodata.str1.1
                0x00008604      0x106 CMakeFiles/hackrf_usb_ram_objects.dir/usb_api_selftest.c.obj
                                 0xc2 (size before relaxing)
 *fill*         0x0000870a        0x2 
 .rodata        0x0000870c        0xc CMakeFiles/hackrf_usb_ram_objects.dir/home/jens/Documents/academic/n3cat/hackrf/firmware/common/operacake.c.obj
                0x00008714                oc_bus
 .rodata        0x00008718      0xefc CMakeFiles/hackrf_usb_ram_objects.dir/hackrf_cpld_data.c.obj
                0x00008718                cpld_hackrf_row_addresses
                0x0000877a                cpld_hackrf_verify
                0x000088ae                cpld_hackrf_program_sram
 .rodata.str1.1
                0x00009614        0x7 CMakeFiles/hackrf_usb_ram_objects.dir/home/jens/Documents/academic/n3cat/hackrf/firmware/common/portapack.c.obj
 .rodata        0x00009614       0x2e CMakeFiles/hackrf_usb_ram_objects.dir/home/jens/Documents/academic/n3cat/hackrf/firmware/common/portapack.c.obj
 .rodata.str1.1
                0x00009642       0x23 CMakeFiles/hackrf_usb_ram_objects.dir/home/jens/Documents/academic/n3cat/hackrf/firmware/common/ui_portapack.c.obj
 *fill*         0x00009642        0x2 
 .rodata        0x00009644      0xd12 CMakeFiles/hackrf_usb_ram_objects.dir/home/jens/Documents/academic/n3cat/hackrf/firmware/common/ui_portapack.c.obj
                0x000096d0                portapack_hackrf_ui
 *fill*         0x0000a356        0x2 
 .rodata        0x0000a358       0x1c CMakeFiles/hackrf_usb_ram_objects.dir/home/jens/Documents/academic/n3cat/hackrf/firmware/common/hackrf_core.c.obj
                0x0000a358                i2c_config_si5351c_fast_clock
                0x0000a35c                ssp_config_max283x
                0x0000a364                ssp_config_max5864
                0x0000a36c                ssp_config_w25q80bv
 .rodata        0x0000a374       0x20 CMakeFiles/hackrf_usb_ram_objects.dir/home/jens/Documents/academic/n3cat/hackrf/firmware/common/sgpio.c.obj
 .rodata.str1.1
                0x0000a394        0xa CMakeFiles/hackrf_usb_ram_objects.dir/home/jens/Documents/academic/n3cat/hackrf/firmware/common/si5351c.c.obj
 .rodata        0x0000a394        0x9 CMakeFiles/hackrf_usb_ram_objects.dir/home/jens/Documents/academic/n3cat/hackrf/firmware/common/si5351c.c.obj
 *fill*         0x0000a39d        0x3 
 .rodata        0x0000a3a0        0xc CMakeFiles/hackrf_usb_ram_objects.dir/home/jens/Documents/academic/n3cat/hackrf/firmware/common/mixer.c.obj
                0x0000a3a0                rffc5071_spi_config
 .rodata.str1.1
                0x0000a3ac       0x14 CMakeFiles/hackrf_usb_ram_objects.dir/home/jens/Documents/academic/n3cat/hackrf/firmware/common/w25q80bv.c.obj
 .rodata        0x0000a3ac        0x3 CMakeFiles/hackrf_usb_ram_objects.dir/home/jens/Documents/academic/n3cat/hackrf/firmware/common/w25q80bv.c.obj
 *fill*         0x0000a3af        0x1 
 .rodata        0x0000a3b0       0x40 CMakeFiles/hackrf_usb_ram_objects.dir/home/jens/Documents/academic/n3cat/hackrf/firmware/common/hackrf_ui.c.obj
 .rodata        0x0000a3f0       0x40 CMakeFiles/hackrf_usb_ram_objects.dir/home/jens/Documents/academic/n3cat/hackrf/firmware/common/platform_detect.c.obj
 .rodata        0x0000a430       0x3e CMakeFiles/hackrf_usb_ram_objects.dir/home/jens/Documents/academic/n3cat/hackrf/firmware/common/rffc5071.c.obj
 *fill*         0x0000a46e        0x2 
 .rodata        0x0000a470       0xc8 CMakeFiles/hackrf_usb_ram_objects.dir/home/jens/Documents/academic/n3cat/hackrf/firmware/common/max2837.c.obj
 .rodata        0x0000a538       0xed CMakeFiles/hackrf_usb_ram_objects.dir/home/jens/Documents/academic/n3cat/hackrf/firmware/common/max2839.c.obj
                0x0000a628                        . = ALIGN (0x4)
 *fill*         0x0000a625        0x3 

.glue_7         0x0000a628        0x0
 .glue_7        0x0000a628        0x0 linker stubs

.glue_7t        0x0000a628        0x0
 .glue_7t       0x0000a628        0x0 linker stubs

.vfp11_veneer   0x0000a628        0x0
 .vfp11_veneer  0x0000a628        0x0 linker stubs

.v4_bx          0x0000a628        0x0
 .v4_bx         0x0000a628        0x0 linker stubs

.iplt           0x0000a628        0x0
 .iplt          0x0000a628        0x0 CMakeFiles/hackrf_usb_ram_objects.dir/hackrf_usb.c.obj

.preinit_array  0x0000a628        0x0
                0x0000a628                        . = ALIGN (0x4)
                0x0000a628                        __preinit_array_start = .
 *(.preinit_array)
                0x0000a628                        __preinit_array_end = .

.init_array     0x0000a628        0x0
                0x0000a628                        . = ALIGN (0x4)
                0x0000a628                        __init_array_start = .
 *(SORT_BY_NAME(.init_array.*))
 *(.init_array)
                0x0000a628                        __init_array_end = .

.fini_array     0x0000a628        0x0
                0x0000a628                        . = ALIGN (0x4)
                0x0000a628                        __fini_array_start = .
 *(.fini_array)
 *(SORT_BY_NAME(.fini_array.*))
                0x0000a628                        __fini_array_end = .

.ARM.extab
 *(.ARM.extab*)

.ARM.exidx      0x0000a628        0x8
                0x0000a628                        __exidx_start = .
 *(.ARM.exidx*)
 .ARM.exidx     0x0000a628        0x8 /home/jens/Applications/arm-toolchain/bin/../lib/gcc/arm-none-eabi/14.3.1/../../../../arm-none-eabi/lib/thumb/v7e-m+fp/hard/libc.a(libc_a-memcpy.o)
 .ARM.exidx     0x0000a630        0x0 /home/jens/Applications/arm-toolchain/bin/../lib/gcc/arm-none-eabi/14.3.1/../../../../arm-none-eabi/lib/thumb/v7e-m+fp/hard/libc.a(libc_a-strlen.o)
                                  0x8 (size before relaxing)
 .ARM.exidx.text.__udivmoddi4
                0x0000a630        0x0 /home/jens/Applications/arm-toolchain/bin/../lib/gcc/arm-none-eabi/14.3.1/thumb/v7e-m+fp/hard/libgcc.a(_udivmoddi4.o)
                                  0x8 (size before relaxing)
                0x0000a630                        __exidx_end = .
                0x0000a630                        . = ALIGN (0x4)
                0x0000a630                        _etext = .
                0x00000000                        _etext_ram = 0x0
                0x00000000                        _etext_rom = 0x0
                0x10080000                        . = ORIGIN (ram_local2)

.data           0x10080000      0x8e0 load address 0x0000a630
                0x10080000                        _data = .
 *(.data*)
 .data          0x10080000        0x4 CMakeFiles/hackrf_usb_ram_objects.dir/home/jens/Documents/academic/n3cat/hackrf/firmware/common/tuning.c.obj
 .data          0x10080004      0x10c CMakeFiles/hackrf_usb_ram_objects.dir/usb_descriptor.c.obj
                0x10080004                wcid_feature_descriptor
                0x1008002c                wcid_string_descriptor
                0x10080040                usb_descriptor_strings
                0x10080058                usb_descriptor_string_config_description
                0x10080070                usb_descriptor_string_product
                0x10080086                usb_descriptor_string_manufacturer
                0x100800ae                usb_descriptor_string_languages
                0x100800b2                usb_descriptor_configuration_high_speed
                0x100800d3                usb_descriptor_configuration_full_speed
                0x100800f4                usb_descriptor_device_qualifier
                0x100800fe                usb_descriptor_device
 .data          0x10080110       0x44 CMakeFiles/hackrf_usb_ram_objects.dir/usb_device.c.obj
                0x10080110                usb_device
                0x10080130                usb_configurations
                0x1008013c                usb_configuration_full_speed
                0x10080148                usb_configuration_high_speed
 .data          0x10080154      0x140 CMakeFiles/hackrf_usb_ram_objects.dir/usb_endpoint.c.obj
                0x10080154                usb_endpoint_bulk_out_queue
                0x10080164                usb_endpoint_bulk_out
                0x100801a4                usb_endpoint_bulk_in_queue
                0x100801b4                usb_endpoint_bulk_in
                0x100801f4                usb_endpoint_control_in_queue
                0x10080204                usb_endpoint_control_in
                0x10080244                usb_endpoint_control_out_queue
                0x10080254                usb_endpoint_control_out
 .data          0x10080294       0x24 CMakeFiles/hackrf_usb_ram_objects.dir/usb_api_board_info.c.obj
 .data          0x100802b8       0x40 CMakeFiles/hackrf_usb_ram_objects.dir/home/jens/Documents/academic/n3cat/hackrf/firmware/common/operacake.c.obj
                0x100802b8                allow_gpio_mode
 .data          0x100802f8       0x60 CMakeFiles/hackrf_usb_ram_objects.dir/home/jens/Documents/academic/n3cat/hackrf/firmware/common/xapp058/micro.c.obj
                0x100802f8                xsvf_pfDoCmd
 .data          0x10080358       0x58 CMakeFiles/hackrf_usb_ram_objects.dir/home/jens/Documents/academic/n3cat/hackrf/firmware/common/portapack.c.obj
 .data          0x100803b0       0x9a CMakeFiles/hackrf_usb_ram_objects.dir/home/jens/Documents/academic/n3cat/hackrf/firmware/common/ui_portapack.c.obj
 *fill*         0x1008044a        0x2 
 .data          0x1008044c      0x280 CMakeFiles/hackrf_usb_ram_objects.dir/home/jens/Documents/academic/n3cat/hackrf/firmware/common/hackrf_core.c.obj
                0x1008044c                sgpio_config
                0x10080458                clock_gen
                0x10080460                spi_bus_ssp1
                0x10080478                max5864
                0x100804a4                rf_path
                0x10080524                jtag_cpld
                0x10080528                jtag_gpio_cpld
                0x10080540                spi_flash
                0x1008055c                spi_bus_ssp0
                0x10080574                i2c1
                0x10080584                i2c0
 .data          0x100806cc        0xc CMakeFiles/hackrf_usb_ram_objects.dir/home/jens/Documents/academic/n3cat/hackrf/firmware/common/rf_path.c.obj
 .data          0x100806d8       0x28 CMakeFiles/hackrf_usb_ram_objects.dir/home/jens/Documents/academic/n3cat/hackrf/firmware/common/si5351c.c.obj
 .data          0x10080700       0x94 CMakeFiles/hackrf_usb_ram_objects.dir/home/jens/Documents/academic/n3cat/hackrf/firmware/common/mixer.c.obj
                0x10080700                spi_bus_rffc5071
                0x10080718                mixer
 .data          0x10080794        0x1 CMakeFiles/hackrf_usb_ram_objects.dir/home/jens/Documents/academic/n3cat/hackrf/firmware/common/hackrf_ui.c.obj
 *fill*         0x10080795        0x3 
 .data          0x10080798       0x58 CMakeFiles/hackrf_usb_ram_objects.dir/home/jens/Documents/academic/n3cat/hackrf/firmware/common/platform_detect.c.obj
 .data          0x100807f0        0x1 CMakeFiles/hackrf_usb_ram_objects.dir/home/jens/Documents/academic/n3cat/hackrf/firmware/common/user_config.c.obj
 *fill*         0x100807f1        0x7 
 .data          0x100807f8        0x8 CMakeFiles/hackrf_usb_ram_objects.dir/home/jens/Documents/academic/n3cat/hackrf/firmware/common/radio.c.obj
 .data          0x10080800       0xe0 CMakeFiles/hackrf_usb_ram_objects.dir/home/jens/Documents/academic/n3cat/hackrf/firmware/common/max283x.c.obj
                0x10080800                max2837
                0x10080860                max2839
                0x100808e0                        . = ALIGN (0x4)
                0x100808e0                        _edata = .
                0x0000a630                        _data_loadaddr = LOADADDR (.data)
                0x0000a630                        _data_rom = (LOADADDR (.data) + ORIGIN (rom))
                0x0000af10                        _edata_rom = (_data_rom + SIZEOF (.data))

.igot.plt       0x100808e0        0x0 load address 0x0000af10
 .igot.plt      0x100808e0        0x0 CMakeFiles/hackrf_usb_ram_objects.dir/hackrf_usb.c.obj

.bss            0x10081000     0x15f0 load address 0x0000af10
                0x10081000                        _bss = .
 *(.bss*)
 .bss           0x10081000      0x304 CMakeFiles/hackrf_usb_ram_objects.dir/home/jens/Documents/academic/n3cat/hackrf/firmware/common/usb.c.obj
                0x10081000                usb_qh
                0x10081300                usb_device_usb0
 .bss           0x10081304        0x4 CMakeFiles/hackrf_usb_ram_objects.dir/home/jens/Documents/academic/n3cat/hackrf/firmware/common/usb_standard_request.c.obj
                0x10081304                usb_configuration_changed_cb
 .bss           0x10081308       0x42 CMakeFiles/hackrf_usb_ram_objects.dir/usb_descriptor.c.obj
                0x10081308                usb_descriptor_string_serial_number
 *fill*         0x1008134a       0x36 
 .bss           0x10081380      0x500 CMakeFiles/hackrf_usb_ram_objects.dir/usb_endpoint.c.obj
                0x10081680                usb_endpoint_control_out_transfers
 .bss           0x10081880       0x18 CMakeFiles/hackrf_usb_ram_objects.dir/usb_api_board_info.c.obj
 .bss           0x10081898      0x100 CMakeFiles/hackrf_usb_ram_objects.dir/usb_api_spiflash.c.obj
                0x10081898                spiflash_buffer
 .bss           0x10081998       0x38 CMakeFiles/hackrf_usb_ram_objects.dir/usb_api_transceiver.c.obj
                0x10081998                set_freq_params
                0x100819a0                explicit_params
                0x100819b8                set_sample_r_params
                0x100819c0                transceiver_request
 .bss           0x100819d0       0xa8 CMakeFiles/hackrf_usb_ram_objects.dir/usb_api_operacake.c.obj
 .bss           0x10081a78       0x78 CMakeFiles/hackrf_usb_ram_objects.dir/usb_api_sweep.c.obj
 .bss           0x10081af0       0x20 CMakeFiles/hackrf_usb_ram_objects.dir/usb_api_selftest.c.obj
 .bss           0x10081b10       0x30 CMakeFiles/hackrf_usb_ram_objects.dir/home/jens/Documents/academic/n3cat/hackrf/firmware/common/usb_queue.c.obj
                0x10081b10                endpoint_queues
 .bss           0x10081b40        0x4 CMakeFiles/hackrf_usb_ram_objects.dir/home/jens/Documents/academic/n3cat/hackrf/firmware/common/fault_handler.c.obj
                0x10081b40                hard_fault_stack_pt
 .bss           0x10081b44       0x10 CMakeFiles/hackrf_usb_ram_objects.dir/home/jens/Documents/academic/n3cat/hackrf/firmware/common/cpld_jtag.c.obj
 .bss           0x10081b54      0x142 CMakeFiles/hackrf_usb_ram_objects.dir/home/jens/Documents/academic/n3cat/hackrf/firmware/common/operacake.c.obj
                0x10081b54                operacake_boards
 *fill*         0x10081c96        0x2 
 .bss           0x10081c98        0x4 CMakeFiles/hackrf_usb_ram_objects.dir/home/jens/Documents/academic/n3cat/hackrf/firmware/common/operacake_sctimer.c.obj
 .bss           0x10081c9c      0x208 CMakeFiles/hackrf_usb_ram_objects.dir/usb_api_cpld.c.obj
                0x10081c9c                cpld_wait
                0x10081c9d                cpld_xsvf_buffer
 .bss           0x10081ea4        0x4 CMakeFiles/hackrf_usb_ram_objects.dir/home/jens/Documents/academic/n3cat/hackrf/firmware/common/portapack.c.obj
 .bss           0x10081ea8        0x2 CMakeFiles/hackrf_usb_ram_objects.dir/home/jens/Documents/academic/n3cat/hackrf/firmware/common/ui_portapack.c.obj
 *fill*         0x10081eaa        0x6 
 .bss           0x10081eb0      0x50c CMakeFiles/hackrf_usb_ram_objects.dir/home/jens/Documents/academic/n3cat/hackrf/firmware/common/hackrf_core.c.obj
                0x10081eb0                radio
                0x10082358                max283x
 .bss           0x100823bc        0x1 CMakeFiles/hackrf_usb_ram_objects.dir/home/jens/Documents/academic/n3cat/hackrf/firmware/common/sgpio.c.obj
 .bss           0x100823bd        0x1 CMakeFiles/hackrf_usb_ram_objects.dir/home/jens/Documents/academic/n3cat/hackrf/firmware/common/si5351c.c.obj
 *fill*         0x100823be        0x2 
 .bss           0x100823c0        0x4 CMakeFiles/hackrf_usb_ram_objects.dir/home/jens/Documents/academic/n3cat/hackrf/firmware/common/hackrf_ui.c.obj
 .bss           0x100823c4       0x18 CMakeFiles/hackrf_usb_ram_objects.dir/home/jens/Documents/academic/n3cat/hackrf/firmware/common/clkin.c.obj
                0x100823c4                reset
                0x100823cc                timer_dma_lli
 .bss           0x100823dc        0x2 CMakeFiles/hackrf_usb_ram_objects.dir/home/jens/Documents/academic/n3cat/hackrf/firmware/common/user_config.c.obj
 .bss           0x100823de      0x20e CMakeFiles/hackrf_usb_ram_objects.dir/home/jens/Documents/academic/n3cat/hackrf/firmware/common/selftest.c.obj
                0x100823de                selftest
 .bss           0x100825ec        0x2 CMakeFiles/hackrf_usb_ram_objects.dir/home/jens/Documents/academic/n3cat/hackrf/firmware/common/max2839.c.obj
 *(COMMON)
                0x100825f0                        . = ALIGN (0x4)
 *fill*         0x100825ee        0x2 
                0x100825f0                        _ebss = .

.ARM.extab
 *(.ARM.extab*)

/DISCARD/
 *(.eh_frame)
                0x100825f0                        . = ALIGN (0x4)
                0x100825f0                        end = .
                0x10087fe0                        __StackTop = ((ORIGIN (ram_local2) + LENGTH (ram_local2)) - 0x20)
                0x10087fe0                        PROVIDE (_stack = __StackTop)

.m0_text        0x0000af10      0x36c
                0x0000af10                        PROVIDE (__m0_start__ = .)
 *(.m0_bin*)
 .m0_bin        0x0000af10      0x36c CMakeFiles/hackrf_usb_ram_objects.dir/hackrf_usb_ram_m0_bin.s.obj
                0x0000b27c                        . = ALIGN (0x4)
                0x0000b27c                        PROVIDE (__m0_end__ = .)
OUTPUT(hackrf_usb_ram.elf elf32-littlearm)
LOAD linker stubs

.rel.dyn        0x0000b27c        0x0
 .rel.iplt      0x0000b27c        0x0 CMakeFiles/hackrf_usb_ram_objects.dir/hackrf_usb.c.obj

.debug_info     0x00000000    0x326b6
 .debug_info    0x00000000     0x2013 CMakeFiles/hackrf_usb_ram_objects.dir/hackrf_usb.c.obj
 .debug_info    0x00002013      0xda3 CMakeFiles/hackrf_usb_ram_objects.dir/home/jens/Documents/academic/n3cat/hackrf/firmware/common/tuning.c.obj
 .debug_info    0x00002db6      0x191 CMakeFiles/hackrf_usb_ram_objects.dir/home/jens/Documents/academic/n3cat/hackrf/firmware/common/streaming.c.obj
 .debug_info    0x00002f47     0x1758 CMakeFiles/hackrf_usb_ram_objects.dir/home/jens/Documents/academic/n3cat/hackrf/firmware/common/usb.c.obj
 .debug_info    0x0000469f      0x69c CMakeFiles/hackrf_usb_ram_objects.dir/home/jens/Documents/academic/n3cat/hackrf/firmware/common/usb_request.c.obj
 .debug_info    0x00004d3b      0xd76 CMakeFiles/hackrf_usb_ram_objects.dir/home/jens/Documents/academic/n3cat/hackrf/firmware/common/usb_standard_request.c.obj
 .debug_info    0x00005ab1      0x2af CMakeFiles/hackrf_usb_ram_objects.dir/usb_descriptor.c.obj
 .debug_info    0x00005d60      0x281 CMakeFiles/hackrf_usb_ram_objects.dir/usb_device.c.obj
 .debug_info    0x00005fe1      0x655 CMakeFiles/hackrf_usb_ram_objects.dir/usb_endpoint.c.obj
 .debug_info    0x00006636      0xd0e CMakeFiles/hackrf_usb_ram_objects.dir/usb_api_board_info.c.obj
 .debug_info    0x00007344      0x568 CMakeFiles/hackrf_usb_ram_objects.dir/usb_api_m0_state.c.obj
 .debug_info    0x000078ac      0xfb8 CMakeFiles/hackrf_usb_ram_objects.dir/usb_api_register.c.obj
 .debug_info    0x00008864      0xbf4 CMakeFiles/hackrf_usb_ram_objects.dir/usb_api_spiflash.c.obj
 .debug_info    0x00009458     0x1ca0 CMakeFiles/hackrf_usb_ram_objects.dir/usb_api_transceiver.c.obj
 .debug_info    0x0000b0f8      0xa07 CMakeFiles/hackrf_usb_ram_objects.dir/usb_api_operacake.c.obj
 .debug_info    0x0000baff      0xe80 CMakeFiles/hackrf_usb_ram_objects.dir/usb_api_sweep.c.obj
 .debug_info    0x0000c97f      0xbed CMakeFiles/hackrf_usb_ram_objects.dir/usb_api_selftest.c.obj
 .debug_info    0x0000d56c      0x457 CMakeFiles/hackrf_usb_ram_objects.dir/usb_api_ui.c.obj
 .debug_info    0x0000d9c3      0x4f5 CMakeFiles/hackrf_usb_ram_objects.dir/usb_api_adc.c.obj
 .debug_info    0x0000deb8      0xbd8 CMakeFiles/hackrf_usb_ram_objects.dir/home/jens/Documents/academic/n3cat/hackrf/firmware/common/usb_queue.c.obj
 .debug_info    0x0000ea90      0x359 CMakeFiles/hackrf_usb_ram_objects.dir/home/jens/Documents/academic/n3cat/hackrf/firmware/common/fault_handler.c.obj
 .debug_info    0x0000ede9      0x513 CMakeFiles/hackrf_usb_ram_objects.dir/home/jens/Documents/academic/n3cat/hackrf/firmware/common/cpld_jtag.c.obj
 .debug_info    0x0000f2fc      0x21d CMakeFiles/hackrf_usb_ram_objects.dir/home/jens/Documents/academic/n3cat/hackrf/firmware/common/crc.c.obj
 .debug_info    0x0000f519      0x7ea CMakeFiles/hackrf_usb_ram_objects.dir/home/jens/Documents/academic/n3cat/hackrf/firmware/common/rom_iap.c.obj
 .debug_info    0x0000fd03     0x1487 CMakeFiles/hackrf_usb_ram_objects.dir/home/jens/Documents/academic/n3cat/hackrf/firmware/common/operacake.c.obj
 .debug_info    0x0001118a      0xa2d CMakeFiles/hackrf_usb_ram_objects.dir/home/jens/Documents/academic/n3cat/hackrf/firmware/common/operacake_sctimer.c.obj
 .debug_info    0x00011bb7      0xa70 CMakeFiles/hackrf_usb_ram_objects.dir/usb_api_cpld.c.obj
 .debug_info    0x00012627     0x1d2d CMakeFiles/hackrf_usb_ram_objects.dir/home/jens/Documents/academic/n3cat/hackrf/firmware/common/cpld_xc2c.c.obj
 .debug_info    0x00014354      0x1c7 CMakeFiles/hackrf_usb_ram_objects.dir/hackrf_cpld_data.c.obj
 .debug_info    0x0001451b      0x3b3 CMakeFiles/hackrf_usb_ram_objects.dir/home/jens/Documents/academic/n3cat/hackrf/firmware/common/xapp058/lenval.c.obj
 .debug_info    0x000148ce     0x1afc CMakeFiles/hackrf_usb_ram_objects.dir/home/jens/Documents/academic/n3cat/hackrf/firmware/common/xapp058/micro.c.obj
 .debug_info    0x000163ca      0x4c5 CMakeFiles/hackrf_usb_ram_objects.dir/home/jens/Documents/academic/n3cat/hackrf/firmware/common/xapp058/ports.c.obj
 .debug_info    0x0001688f     0x214d CMakeFiles/hackrf_usb_ram_objects.dir/home/jens/Documents/academic/n3cat/hackrf/firmware/common/portapack.c.obj
 .debug_info    0x000189dc     0x1629 CMakeFiles/hackrf_usb_ram_objects.dir/home/jens/Documents/academic/n3cat/hackrf/firmware/common/ui_portapack.c.obj
 .debug_info    0x0001a005      0x108 CMakeFiles/hackrf_usb_ram_objects.dir/home/jens/Documents/academic/n3cat/hackrf/firmware/common/delay.c.obj
 .debug_info    0x0001a10d     0x2ed2 CMakeFiles/hackrf_usb_ram_objects.dir/home/jens/Documents/academic/n3cat/hackrf/firmware/common/hackrf_core.c.obj
 .debug_info    0x0001cfdf      0xec7 CMakeFiles/hackrf_usb_ram_objects.dir/home/jens/Documents/academic/n3cat/hackrf/firmware/common/sgpio.c.obj
 .debug_info    0x0001dea6     0x1c97 CMakeFiles/hackrf_usb_ram_objects.dir/home/jens/Documents/academic/n3cat/hackrf/firmware/common/rf_path.c.obj
 .debug_info    0x0001fb3d     0x16dd CMakeFiles/hackrf_usb_ram_objects.dir/home/jens/Documents/academic/n3cat/hackrf/firmware/common/si5351c.c.obj
 .debug_info    0x0002121a      0x495 CMakeFiles/hackrf_usb_ram_objects.dir/home/jens/Documents/academic/n3cat/hackrf/firmware/common/max5864.c.obj
 .debug_info    0x000216af      0x91c CMakeFiles/hackrf_usb_ram_objects.dir/home/jens/Documents/academic/n3cat/hackrf/firmware/common/max5864_target.c.obj
 .debug_info    0x00021fcb      0x7f9 CMakeFiles/hackrf_usb_ram_objects.dir/home/jens/Documents/academic/n3cat/hackrf/firmware/common/mixer.c.obj
 .debug_info    0x000227c4      0x2c9 CMakeFiles/hackrf_usb_ram_objects.dir/home/jens/Documents/academic/n3cat/hackrf/firmware/common/i2c_bus.c.obj
 .debug_info    0x00022a8d      0x539 CMakeFiles/hackrf_usb_ram_objects.dir/home/jens/Documents/academic/n3cat/hackrf/firmware/common/i2c_lpc.c.obj
 .debug_info    0x00022fc6      0x9c1 CMakeFiles/hackrf_usb_ram_objects.dir/home/jens/Documents/academic/n3cat/hackrf/firmware/common/w25q80bv.c.obj
 .debug_info    0x00023987      0xbc4 CMakeFiles/hackrf_usb_ram_objects.dir/home/jens/Documents/academic/n3cat/hackrf/firmware/common/w25q80bv_target.c.obj
 .debug_info    0x0002454b      0x2ee CMakeFiles/hackrf_usb_ram_objects.dir/home/jens/Documents/academic/n3cat/hackrf/firmware/common/spi_bus.c.obj
 .debug_info    0x00024839      0x6d1 CMakeFiles/hackrf_usb_ram_objects.dir/home/jens/Documents/academic/n3cat/hackrf/firmware/common/spi_ssp.c.obj
 .debug_info    0x00024f0a      0x30b CMakeFiles/hackrf_usb_ram_objects.dir/home/jens/Documents/academic/n3cat/hackrf/firmware/common/gpio_lpc.c.obj
 .debug_info    0x00025215      0x61e CMakeFiles/hackrf_usb_ram_objects.dir/home/jens/Documents/academic/n3cat/hackrf/firmware/common/hackrf_ui.c.obj
 .debug_info    0x00025833     0x109d CMakeFiles/hackrf_usb_ram_objects.dir/home/jens/Documents/academic/n3cat/hackrf/firmware/common/platform_detect.c.obj
 .debug_info    0x000268d0      0x131 CMakeFiles/hackrf_usb_ram_objects.dir/home/jens/Documents/academic/n3cat/hackrf/firmware/common/firmware_info.c.obj
 .debug_info    0x00026a01      0x919 CMakeFiles/hackrf_usb_ram_objects.dir/home/jens/Documents/academic/n3cat/hackrf/firmware/common/clkin.c.obj
 .debug_info    0x0002731a      0x27b CMakeFiles/hackrf_usb_ram_objects.dir/home/jens/Documents/academic/n3cat/hackrf/firmware/common/gpdma.c.obj
 .debug_info    0x00027595      0x405 CMakeFiles/hackrf_usb_ram_objects.dir/home/jens/Documents/academic/n3cat/hackrf/firmware/common/user_config.c.obj
 .debug_info    0x0002799a     0x1905 CMakeFiles/hackrf_usb_ram_objects.dir/home/jens/Documents/academic/n3cat/hackrf/firmware/common/radio.c.obj
 .debug_info    0x0002929f      0x187 CMakeFiles/hackrf_usb_ram_objects.dir/home/jens/Documents/academic/n3cat/hackrf/firmware/common/selftest.c.obj
 .debug_info    0x00029426      0x16e CMakeFiles/hackrf_usb_ram_objects.dir/home/jens/Documents/academic/n3cat/hackrf/firmware/common/m0_state.c.obj
 .debug_info    0x00029594      0x127 CMakeFiles/hackrf_usb_ram_objects.dir/home/jens/Documents/academic/n3cat/hackrf/firmware/common/adc.c.obj
 .debug_info    0x000296bb     0x13fc CMakeFiles/hackrf_usb_ram_objects.dir/home/jens/Documents/academic/n3cat/hackrf/firmware/common/rffc5071.c.obj
 .debug_info    0x0002aab7     0x1237 CMakeFiles/hackrf_usb_ram_objects.dir/home/jens/Documents/academic/n3cat/hackrf/firmware/common/rffc5071_spi.c.obj
 .debug_info    0x0002bcee      0xff2 CMakeFiles/hackrf_usb_ram_objects.dir/home/jens/Documents/academic/n3cat/hackrf/firmware/common/max283x.c.obj
 .debug_info    0x0002cce0     0x1526 CMakeFiles/hackrf_usb_ram_objects.dir/home/jens/Documents/academic/n3cat/hackrf/firmware/common/max2837.c.obj
 .debug_info    0x0002e206      0xc46 CMakeFiles/hackrf_usb_ram_objects.dir/home/jens/Documents/academic/n3cat/hackrf/firmware/common/max2837_target.c.obj
 .debug_info    0x0002ee4c     0x1422 CMakeFiles/hackrf_usb_ram_objects.dir/home/jens/Documents/academic/n3cat/hackrf/firmware/common/max2839.c.obj
 .debug_info    0x0003026e      0xc1b CMakeFiles/hackrf_usb_ram_objects.dir/home/jens/Documents/academic/n3cat/hackrf/firmware/common/max2839_target.c.obj
 .debug_info    0x00030e89      0x713 /home/jens/Documents/academic/n3cat/hackrf/firmware/libopencm3/lib/libopencm3_lpc43xx.a(scu.o)
 .debug_info    0x0003159c      0x59f /home/jens/Documents/academic/n3cat/hackrf/firmware/libopencm3/lib/libopencm3_lpc43xx.a(i2c.o)
 .debug_info    0x00031b3b      0x201 /home/jens/Documents/academic/n3cat/hackrf/firmware/libopencm3/lib/libopencm3_lpc43xx.a(timer.o)
 .debug_info    0x00031d3c       0xb0 /home/jens/Documents/academic/n3cat/hackrf/firmware/libopencm3/lib/libopencm3_lpc43xx.a(wwdt.o)
 .debug_info    0x00031dec       0xf2 /home/jens/Documents/academic/n3cat/hackrf/firmware/libopencm3/lib/libopencm3_lpc43xx.a(ipc.o)
 .debug_info    0x00031ede      0x33f /home/jens/Documents/academic/n3cat/hackrf/firmware/libopencm3/lib/libopencm3_lpc43xx.a(vector.o)
 .debug_info    0x0003221d      0x239 /home/jens/Documents/academic/n3cat/hackrf/firmware/libopencm3/lib/libopencm3_lpc43xx.a(nvic.o)
 .debug_info    0x00032456      0x260 /home/jens/Documents/academic/n3cat/hackrf/firmware/libopencm3/lib/libopencm3_lpc43xx.a(sync.o)

.debug_abbrev   0x00000000     0xa49e
 .debug_abbrev  0x00000000      0x485 CMakeFiles/hackrf_usb_ram_objects.dir/hackrf_usb.c.obj
 .debug_abbrev  0x00000485      0x24d CMakeFiles/hackrf_usb_ram_objects.dir/home/jens/Documents/academic/n3cat/hackrf/firmware/common/tuning.c.obj
 .debug_abbrev  0x000006d2       0xf4 CMakeFiles/hackrf_usb_ram_objects.dir/home/jens/Documents/academic/n3cat/hackrf/firmware/common/streaming.c.obj
 .debug_abbrev  0x000007c6      0x5a1 CMakeFiles/hackrf_usb_ram_objects.dir/home/jens/Documents/academic/n3cat/hackrf/firmware/common/usb.c.obj
 .debug_abbrev  0x00000d67      0x1e6 CMakeFiles/hackrf_usb_ram_objects.dir/home/jens/Documents/academic/n3cat/hackrf/firmware/common/usb_request.c.obj
 .debug_abbrev  0x00000f4d      0x3d4 CMakeFiles/hackrf_usb_ram_objects.dir/home/jens/Documents/academic/n3cat/hackrf/firmware/common/usb_standard_request.c.obj
 .debug_abbrev  0x00001321       0xbf CMakeFiles/hackrf_usb_ram_objects.dir/usb_descriptor.c.obj
 .debug_abbrev  0x000013e0       0xd4 CMakeFiles/hackrf_usb_ram_objects.dir/usb_device.c.obj
 .debug_abbrev  0x000014b4      0x1ec CMakeFiles/hackrf_usb_ram_objects.dir/usb_endpoint.c.obj
 .debug_abbrev  0x000016a0      0x297 CMakeFiles/hackrf_usb_ram_objects.dir/usb_api_board_info.c.obj
 .debug_abbrev  0x00001937      0x1ab CMakeFiles/hackrf_usb_ram_objects.dir/usb_api_m0_state.c.obj
 .debug_abbrev  0x00001ae2      0x254 CMakeFiles/hackrf_usb_ram_objects.dir/usb_api_register.c.obj
 .debug_abbrev  0x00001d36      0x257 CMakeFiles/hackrf_usb_ram_objects.dir/usb_api_spiflash.c.obj
 .debug_abbrev  0x00001f8d      0x48a CMakeFiles/hackrf_usb_ram_objects.dir/usb_api_transceiver.c.obj
 .debug_abbrev  0x00002417      0x225 CMakeFiles/hackrf_usb_ram_objects.dir/usb_api_operacake.c.obj
 .debug_abbrev  0x0000263c      0x301 CMakeFiles/hackrf_usb_ram_objects.dir/usb_api_sweep.c.obj
 .debug_abbrev  0x0000293d      0x32d CMakeFiles/hackrf_usb_ram_objects.dir/usb_api_selftest.c.obj
 .debug_abbrev  0x00002c6a      0x189 CMakeFiles/hackrf_usb_ram_objects.dir/usb_api_ui.c.obj
 .debug_abbrev  0x00002df3      0x1bd CMakeFiles/hackrf_usb_ram_objects.dir/usb_api_adc.c.obj
 .debug_abbrev  0x00002fb0      0x370 CMakeFiles/hackrf_usb_ram_objects.dir/home/jens/Documents/academic/n3cat/hackrf/firmware/common/usb_queue.c.obj
 .debug_abbrev  0x00003320      0x112 CMakeFiles/hackrf_usb_ram_objects.dir/home/jens/Documents/academic/n3cat/hackrf/firmware/common/fault_handler.c.obj
 .debug_abbrev  0x00003432      0x1e6 CMakeFiles/hackrf_usb_ram_objects.dir/home/jens/Documents/academic/n3cat/hackrf/firmware/common/cpld_jtag.c.obj
 .debug_abbrev  0x00003618      0x126 CMakeFiles/hackrf_usb_ram_objects.dir/home/jens/Documents/academic/n3cat/hackrf/firmware/common/crc.c.obj
 .debug_abbrev  0x0000373e      0x20c CMakeFiles/hackrf_usb_ram_objects.dir/home/jens/Documents/academic/n3cat/hackrf/firmware/common/rom_iap.c.obj
 .debug_abbrev  0x0000394a      0x404 CMakeFiles/hackrf_usb_ram_objects.dir/home/jens/Documents/academic/n3cat/hackrf/firmware/common/operacake.c.obj
 .debug_abbrev  0x00003d4e      0x228 CMakeFiles/hackrf_usb_ram_objects.dir/home/jens/Documents/academic/n3cat/hackrf/firmware/common/operacake_sctimer.c.obj
 .debug_abbrev  0x00003f76      0x31b CMakeFiles/hackrf_usb_ram_objects.dir/usb_api_cpld.c.obj
 .debug_abbrev  0x00004291      0x4a2 CMakeFiles/hackrf_usb_ram_objects.dir/home/jens/Documents/academic/n3cat/hackrf/firmware/common/cpld_xc2c.c.obj
 .debug_abbrev  0x00004733       0xb9 CMakeFiles/hackrf_usb_ram_objects.dir/hackrf_cpld_data.c.obj
 .debug_abbrev  0x000047ec      0x162 CMakeFiles/hackrf_usb_ram_objects.dir/home/jens/Documents/academic/n3cat/hackrf/firmware/common/xapp058/lenval.c.obj
 .debug_abbrev  0x0000494e      0x2e1 CMakeFiles/hackrf_usb_ram_objects.dir/home/jens/Documents/academic/n3cat/hackrf/firmware/common/xapp058/micro.c.obj
 .debug_abbrev  0x00004c2f      0x21d CMakeFiles/hackrf_usb_ram_objects.dir/home/jens/Documents/academic/n3cat/hackrf/firmware/common/xapp058/ports.c.obj
 .debug_abbrev  0x00004e4c      0x504 CMakeFiles/hackrf_usb_ram_objects.dir/home/jens/Documents/academic/n3cat/hackrf/firmware/common/portapack.c.obj
 .debug_abbrev  0x00005350      0x446 CMakeFiles/hackrf_usb_ram_objects.dir/home/jens/Documents/academic/n3cat/hackrf/firmware/common/ui_portapack.c.obj
 .debug_abbrev  0x00005796       0xcd CMakeFiles/hackrf_usb_ram_objects.dir/home/jens/Documents/academic/n3cat/hackrf/firmware/common/delay.c.obj
 .debug_abbrev  0x00005863      0x4e9 CMakeFiles/hackrf_usb_ram_objects.dir/home/jens/Documents/academic/n3cat/hackrf/firmware/common/hackrf_core.c.obj
 .debug_abbrev  0x00005d4c      0x365 CMakeFiles/hackrf_usb_ram_objects.dir/home/jens/Documents/academic/n3cat/hackrf/firmware/common/sgpio.c.obj
 .debug_abbrev  0x000060b1      0x2f8 CMakeFiles/hackrf_usb_ram_objects.dir/home/jens/Documents/academic/n3cat/hackrf/firmware/common/rf_path.c.obj
 .debug_abbrev  0x000063a9      0x370 CMakeFiles/hackrf_usb_ram_objects.dir/home/jens/Documents/academic/n3cat/hackrf/firmware/common/si5351c.c.obj
 .debug_abbrev  0x00006719      0x18b CMakeFiles/hackrf_usb_ram_objects.dir/home/jens/Documents/academic/n3cat/hackrf/firmware/common/max5864.c.obj
 .debug_abbrev  0x000068a4      0x139 CMakeFiles/hackrf_usb_ram_objects.dir/home/jens/Documents/academic/n3cat/hackrf/firmware/common/max5864_target.c.obj
 .debug_abbrev  0x000069dd      0x1e1 CMakeFiles/hackrf_usb_ram_objects.dir/home/jens/Documents/academic/n3cat/hackrf/firmware/common/mixer.c.obj
 .debug_abbrev  0x00006bbe      0x110 CMakeFiles/hackrf_usb_ram_objects.dir/home/jens/Documents/academic/n3cat/hackrf/firmware/common/i2c_bus.c.obj
 .debug_abbrev  0x00006cce      0x181 CMakeFiles/hackrf_usb_ram_objects.dir/home/jens/Documents/academic/n3cat/hackrf/firmware/common/i2c_lpc.c.obj
 .debug_abbrev  0x00006e4f      0x274 CMakeFiles/hackrf_usb_ram_objects.dir/home/jens/Documents/academic/n3cat/hackrf/firmware/common/w25q80bv.c.obj
 .debug_abbrev  0x000070c3      0x1a8 CMakeFiles/hackrf_usb_ram_objects.dir/home/jens/Documents/academic/n3cat/hackrf/firmware/common/w25q80bv_target.c.obj
 .debug_abbrev  0x0000726b      0x11f CMakeFiles/hackrf_usb_ram_objects.dir/home/jens/Documents/academic/n3cat/hackrf/firmware/common/spi_bus.c.obj
 .debug_abbrev  0x0000738a      0x287 CMakeFiles/hackrf_usb_ram_objects.dir/home/jens/Documents/academic/n3cat/hackrf/firmware/common/spi_ssp.c.obj
 .debug_abbrev  0x00007611      0x165 CMakeFiles/hackrf_usb_ram_objects.dir/home/jens/Documents/academic/n3cat/hackrf/firmware/common/gpio_lpc.c.obj
 .debug_abbrev  0x00007776      0x1eb CMakeFiles/hackrf_usb_ram_objects.dir/home/jens/Documents/academic/n3cat/hackrf/firmware/common/hackrf_ui.c.obj
 .debug_abbrev  0x00007961      0x2bc CMakeFiles/hackrf_usb_ram_objects.dir/home/jens/Documents/academic/n3cat/hackrf/firmware/common/platform_detect.c.obj
 .debug_abbrev  0x00007c1d       0x98 CMakeFiles/hackrf_usb_ram_objects.dir/home/jens/Documents/academic/n3cat/hackrf/firmware/common/firmware_info.c.obj
 .debug_abbrev  0x00007cb5      0x158 CMakeFiles/hackrf_usb_ram_objects.dir/home/jens/Documents/academic/n3cat/hackrf/firmware/common/clkin.c.obj
 .debug_abbrev  0x00007e0d      0x142 CMakeFiles/hackrf_usb_ram_objects.dir/home/jens/Documents/academic/n3cat/hackrf/firmware/common/gpdma.c.obj
 .debug_abbrev  0x00007f4f      0x1b3 CMakeFiles/hackrf_usb_ram_objects.dir/home/jens/Documents/academic/n3cat/hackrf/firmware/common/user_config.c.obj
 .debug_abbrev  0x00008102      0x3a4 CMakeFiles/hackrf_usb_ram_objects.dir/home/jens/Documents/academic/n3cat/hackrf/firmware/common/radio.c.obj
 .debug_abbrev  0x000084a6       0xa7 CMakeFiles/hackrf_usb_ram_objects.dir/home/jens/Documents/academic/n3cat/hackrf/firmware/common/selftest.c.obj
 .debug_abbrev  0x0000854d       0xc4 CMakeFiles/hackrf_usb_ram_objects.dir/home/jens/Documents/academic/n3cat/hackrf/firmware/common/m0_state.c.obj
 .debug_abbrev  0x00008611       0x9a CMakeFiles/hackrf_usb_ram_objects.dir/home/jens/Documents/academic/n3cat/hackrf/firmware/common/adc.c.obj
 .debug_abbrev  0x000086ab      0x3db CMakeFiles/hackrf_usb_ram_objects.dir/home/jens/Documents/academic/n3cat/hackrf/firmware/common/rffc5071.c.obj
 .debug_abbrev  0x00008a86      0x34a CMakeFiles/hackrf_usb_ram_objects.dir/home/jens/Documents/academic/n3cat/hackrf/firmware/common/rffc5071_spi.c.obj
 .debug_abbrev  0x00008dd0      0x284 CMakeFiles/hackrf_usb_ram_objects.dir/home/jens/Documents/academic/n3cat/hackrf/firmware/common/max283x.c.obj
 .debug_abbrev  0x00009054      0x43b CMakeFiles/hackrf_usb_ram_objects.dir/home/jens/Documents/academic/n3cat/hackrf/firmware/common/max2837.c.obj
 .debug_abbrev  0x0000948f      0x1fd CMakeFiles/hackrf_usb_ram_objects.dir/home/jens/Documents/academic/n3cat/hackrf/firmware/common/max2837_target.c.obj
 .debug_abbrev  0x0000968c      0x454 CMakeFiles/hackrf_usb_ram_objects.dir/home/jens/Documents/academic/n3cat/hackrf/firmware/common/max2839.c.obj
 .debug_abbrev  0x00009ae0      0x1f4 CMakeFiles/hackrf_usb_ram_objects.dir/home/jens/Documents/academic/n3cat/hackrf/firmware/common/max2839_target.c.obj
 .debug_abbrev  0x00009cd4       0x92 /home/jens/Documents/academic/n3cat/hackrf/firmware/libopencm3/lib/libopencm3_lpc43xx.a(scu.o)
 .debug_abbrev  0x00009d66      0x199 /home/jens/Documents/academic/n3cat/hackrf/firmware/libopencm3/lib/libopencm3_lpc43xx.a(i2c.o)
 .debug_abbrev  0x00009eff       0xb7 /home/jens/Documents/academic/n3cat/hackrf/firmware/libopencm3/lib/libopencm3_lpc43xx.a(timer.o)
 .debug_abbrev  0x00009fb6       0x68 /home/jens/Documents/academic/n3cat/hackrf/firmware/libopencm3/lib/libopencm3_lpc43xx.a(wwdt.o)
 .debug_abbrev  0x0000a01e       0xb3 /home/jens/Documents/academic/n3cat/hackrf/firmware/libopencm3/lib/libopencm3_lpc43xx.a(ipc.o)
 .debug_abbrev  0x0000a0d1      0x18e /home/jens/Documents/academic/n3cat/hackrf/firmware/libopencm3/lib/libopencm3_lpc43xx.a(vector.o)
 .debug_abbrev  0x0000a25f       0xb6 /home/jens/Documents/academic/n3cat/hackrf/firmware/libopencm3/lib/libopencm3_lpc43xx.a(nvic.o)
 .debug_abbrev  0x0000a315      0x189 /home/jens/Documents/academic/n3cat/hackrf/firmware/libopencm3/lib/libopencm3_lpc43xx.a(sync.o)

.debug_loclists
                0x00000000     0xbaf3
 .debug_loclists
                0x00000000      0x123 CMakeFiles/hackrf_usb_ram_objects.dir/hackrf_usb.c.obj
 .debug_loclists
                0x00000123       0xcc CMakeFiles/hackrf_usb_ram_objects.dir/home/jens/Documents/academic/n3cat/hackrf/firmware/common/tuning.c.obj
 .debug_loclists
                0x000001ef       0x3c CMakeFiles/hackrf_usb_ram_objects.dir/home/jens/Documents/academic/n3cat/hackrf/firmware/common/streaming.c.obj
 .debug_loclists
                0x0000022b      0x728 CMakeFiles/hackrf_usb_ram_objects.dir/home/jens/Documents/academic/n3cat/hackrf/firmware/common/usb.c.obj
 .debug_loclists
                0x00000953      0x178 CMakeFiles/hackrf_usb_ram_objects.dir/home/jens/Documents/academic/n3cat/hackrf/firmware/common/usb_request.c.obj
 .debug_loclists
                0x00000acb      0x5b8 CMakeFiles/hackrf_usb_ram_objects.dir/home/jens/Documents/academic/n3cat/hackrf/firmware/common/usb_standard_request.c.obj
 .debug_loclists
                0x00001083      0x150 CMakeFiles/hackrf_usb_ram_objects.dir/usb_api_board_info.c.obj
 .debug_loclists
                0x000011d3       0x4a CMakeFiles/hackrf_usb_ram_objects.dir/usb_api_m0_state.c.obj
 .debug_loclists
                0x0000121d      0x33b CMakeFiles/hackrf_usb_ram_objects.dir/usb_api_register.c.obj
 .debug_loclists
                0x00001558      0x33e CMakeFiles/hackrf_usb_ram_objects.dir/usb_api_spiflash.c.obj
 .debug_loclists
                0x00001896      0x64b CMakeFiles/hackrf_usb_ram_objects.dir/usb_api_transceiver.c.obj
 .debug_loclists
                0x00001ee1      0x47e CMakeFiles/hackrf_usb_ram_objects.dir/usb_api_operacake.c.obj
 .debug_loclists
                0x0000235f      0x170 CMakeFiles/hackrf_usb_ram_objects.dir/usb_api_sweep.c.obj
 .debug_loclists